C:\ST\STM32CubeIDE_1.16.1\STM32CubeIDE\plugins\com.st.stm32cube.ide.mcu.externaltools.gnu-tools-for-stm32.13.3.rel1.win32_1.0.0.202411081344\tools\bin/../lib/gcc/arm-none-eabi/13.3.1/../../../../arm-none-eabi/include/c++/13.3.1/bits/std_function.h:288:7:) [with _Res = void; _Functor = InitMessageProcessing(DispatcherType*)::<lambda(MessageType&)>; _ArgTypes = {MessageGeneric<void*, MESSAGE_HEADER_GENERIC>&}]	0	static
C:\ST\STM32CubeIDE_1.16.1\STM32CubeIDE\plugins\com.st.stm32cube.ide.mcu.externaltools.gnu-tools-for-stm32.13.3.rel1.win32_1.0.0.202411081344\tools\bin/../lib/gcc/arm-none-eabi/13.3.1/../../../../arm-none-eabi/include/c++/13.3.1/bits/std_function.h:288:7:) [with _Res = void; _Functor = InitMessageProcessing(DispatcherType*)::<lambda(MessageType&)>; _ArgTypes = {MessageGeneric<void*, MESSAGE_HEADER_GENERIC>&}]	0	static
C:\ST\STM32CubeIDE_1.16.1\STM32CubeIDE\plugins\com.st.stm32cube.ide.mcu.externaltools.gnu-tools-for-stm32.13.3.rel1.win32_1.0.0.202411081344\tools\bin/../lib/gcc/arm-none-eabi/13.3.1/../../../../arm-none-eabi/include/c++/13.3.1/bits/std_function.h:288:7:) [with _Res = void; _Functor = InitMessageProcessing(DispatcherType*)::<lambda(MessageType&)>; _ArgTypes = {MessageGeneric<void*, MESSAGE_HEADER_GENERIC>&}]	0	static
../Core/Inc/DeviceSignalInterfaces.h:143:27:const std::pair<T, T>& DeviceDACControl<__SPI_HandleTypeDef, V, 2, 2>::GetCoord() [with V = short int]	0	static
../Core/Inc/DeviceSignalInterfaces.h:108:14:const V& DeviceDACControl<__SPI_HandleTypeDef, V, 1, 2>::GetValue() [with V = short int]	0	static
../Core/Inc/DeviceSignalInterfaces.h:70:27:const std::pair<T, T>& DeviceDACControl<DAC_HandleTypeDef, V, 2, 1>::GetCoord() [with V = short unsigned int]	0	static
../Core/Inc/DeviceSignalInterfaces.h:45:14:const V& DeviceDACControl<DAC_HandleTypeDef, V, 1, 1>::GetValue() [with V = short unsigned int]	0	static
../Core/Inc/DeviceSignalInterfaces.h:320:18:void DeviceTypeADC<N_CHAN>::SetValue(const uint16_t&) [with int N_CHAN = 1]	0	static
C:\ST\STM32CubeIDE_1.16.1\STM32CubeIDE\plugins\com.st.stm32cube.ide.mcu.externaltools.gnu-tools-for-stm32.13.3.rel1.win32_1.0.0.202411081344\tools\bin/../lib/gcc/arm-none-eabi/13.3.1/../../../../arm-none-eabi/include/c++/13.3.1/bits/std_function.h:288:7:) [with _Res = void; _Functor = InitMessageProcessing(DispatcherType*)::<lambda(MessageType&)>; _ArgTypes = {MessageGeneric<void*, MESSAGE_HEADER_GENERIC>&}]	0	static
C:\ST\STM32CubeIDE_1.16.1\STM32CubeIDE\plugins\com.st.stm32cube.ide.mcu.externaltools.gnu-tools-for-stm32.13.3.rel1.win32_1.0.0.202411081344\tools\bin/../lib/gcc/arm-none-eabi/13.3.1/../../../../arm-none-eabi/include/c++/13.3.1/bits/std_function.h:288:7:) [with _Res = void; _Functor = InitMessageProcessing(DispatcherType*)::<lambda(MessageType&)>; _ArgTypes = {MessageGeneric<void*, MESSAGE_HEADER_GENERIC>&}]	0	static
../Core/Inc/DeviceSignalInterfaces.h:95:7:void DeviceDACControl<__SPI_HandleTypeDef, V, 1, 2>::SetValue(const V&) [with V = short int]	16	static
../Core/Inc/DeviceSignalInterfaces.h:141:7:void DeviceDACControl<__SPI_HandleTypeDef, V, 2, 2>::SetCoord(const std::pair<T, T>&) [with V = short int]	16	static
../Core/Inc/DeviceSignalInterfaces.h:41:7:void DeviceDACControl<DAC_HandleTypeDef, V, 1, 1>::SetValue(const V&) [with V = short unsigned int]	0	static
../Core/Inc/DeviceSignalInterfaces.h:64:7:void DeviceDACControl<DAC_HandleTypeDef, V, 2, 1>::SetCoord(const std::pair<T, T>&) [with V = short unsigned int]	16	static
C:\ST\STM32CubeIDE_1.16.1\STM32CubeIDE\plugins\com.st.stm32cube.ide.mcu.externaltools.gnu-tools-for-stm32.13.3.rel1.win32_1.0.0.202411081344\tools\bin/../lib/gcc/arm-none-eabi/13.3.1/../../../../arm-none-eabi/include/c++/13.3.1/bits/stl_vector.h:378:7:constexpr std::_Vector_base<_Tp, _Alloc>::pointer std::_Vector_base<_Tp, _Alloc>::_M_allocate(std::size_t) [with _Tp = std::function<void(MessageGeneric<void*, MESSAGE_HEADER_GENERIC>&)>; _Alloc = std::allocator<std::function<void(MessageGeneric<void*, MESSAGE_HEADER_GENERIC>&)> >]	8	static
C:\ST\STM32CubeIDE_1.16.1\STM32CubeIDE\plugins\com.st.stm32cube.ide.mcu.externaltools.gnu-tools-for-stm32.13.3.rel1.win32_1.0.0.202411081344\tools\bin/../lib/gcc/arm-none-eabi/13.3.1/../../../../arm-none-eabi/include/c++/13.3.1/bits/std_function.h:267:7:), _Functor>::_M_manager(std::_Any_data&, const std::_Any_data&, std::_Manager_operation) [with _Res = void; _Functor = InitMessageProcessing(DispatcherType*)::<lambda(MessageType&)>; _ArgTypes = {MessageGeneric<void*, MESSAGE_HEADER_GENERIC>&}]	0	static
C:\ST\STM32CubeIDE_1.16.1\STM32CubeIDE\plugins\com.st.stm32cube.ide.mcu.externaltools.gnu-tools-for-stm32.13.3.rel1.win32_1.0.0.202411081344\tools\bin/../lib/gcc/arm-none-eabi/13.3.1/../../../../arm-none-eabi/include/c++/13.3.1/bits/std_function.h:267:7:), _Functor>::_M_manager(std::_Any_data&, const std::_Any_data&, std::_Manager_operation) [with _Res = void; _Functor = InitMessageProcessing(DispatcherType*)::<lambda(MessageType&)>; _ArgTypes = {MessageGeneric<void*, MESSAGE_HEADER_GENERIC>&}]	0	static
C:\ST\STM32CubeIDE_1.16.1\STM32CubeIDE\plugins\com.st.stm32cube.ide.mcu.externaltools.gnu-tools-for-stm32.13.3.rel1.win32_1.0.0.202411081344\tools\bin/../lib/gcc/arm-none-eabi/13.3.1/../../../../arm-none-eabi/include/c++/13.3.1/bits/std_function.h:267:7:), _Functor>::_M_manager(std::_Any_data&, const std::_Any_data&, std::_Manager_operation) [with _Res = void; _Functor = InitMessageProcessing(DispatcherType*)::<lambda(MessageType&)>; _ArgTypes = {MessageGeneric<void*, MESSAGE_HEADER_GENERIC>&}]	0	static
C:\ST\STM32CubeIDE_1.16.1\STM32CubeIDE\plugins\com.st.stm32cube.ide.mcu.externaltools.gnu-tools-for-stm32.13.3.rel1.win32_1.0.0.202411081344\tools\bin/../lib/gcc/arm-none-eabi/13.3.1/../../../../arm-none-eabi/include/c++/13.3.1/bits/std_function.h:267:7:), _Functor>::_M_manager(std::_Any_data&, const std::_Any_data&, std::_Manager_operation) [with _Res = void; _Functor = InitMessageProcessing(DispatcherType*)::<lambda(MessageType&)>; _ArgTypes = {MessageGeneric<void*, MESSAGE_HEADER_GENERIC>&}]	0	static
C:\ST\STM32CubeIDE_1.16.1\STM32CubeIDE\plugins\com.st.stm32cube.ide.mcu.externaltools.gnu-tools-for-stm32.13.3.rel1.win32_1.0.0.202411081344\tools\bin/../lib/gcc/arm-none-eabi/13.3.1/../../../../arm-none-eabi/include/c++/13.3.1/bits/std_function.h:267:7:), _Functor>::_M_manager(std::_Any_data&, const std::_Any_data&, std::_Manager_operation) [with _Res = void; _Functor = InitMessageProcessing(DispatcherType*)::<lambda(MessageType&)>; _ArgTypes = {MessageGeneric<void*, MESSAGE_HEADER_GENERIC>&}]	0	static
C:\ST\STM32CubeIDE_1.16.1\STM32CubeIDE\plugins\com.st.stm32cube.ide.mcu.externaltools.gnu-tools-for-stm32.13.3.rel1.win32_1.0.0.202411081344\tools\bin/../lib/gcc/arm-none-eabi/13.3.1/../../../../arm-none-eabi/include/c++/13.3.1/bits/std_function.h:267:7:), _Functor>::_M_manager(std::_Any_data&, const std::_Any_data&, std::_Manager_operation) [with _Res = void; _Functor = InitMessageProcessing(DispatcherType*)::<lambda(MessageType&)>; _ArgTypes = {MessageGeneric<void*, MESSAGE_HEADER_GENERIC>&}]	16	static
C:\ST\STM32CubeIDE_1.16.1\STM32CubeIDE\plugins\com.st.stm32cube.ide.mcu.externaltools.gnu-tools-for-stm32.13.3.rel1.win32_1.0.0.202411081344\tools\arm-none-eabi\include\c++\13.3.1\bits\basic_string.tcc:138:5:constexpr std::__cxx11::basic_string<_CharT, _Traits, _Alloc>::pointer std::__cxx11::basic_string<_CharT, _Traits, _Alloc>::_M_create(size_type&, size_type) [with _CharT = char; _Traits = std::char_traits<char>; _Alloc = std::allocator<char>]	8	static
C:\ST\STM32CubeIDE_1.16.1\STM32CubeIDE\plugins\com.st.stm32cube.ide.mcu.externaltools.gnu-tools-for-stm32.13.3.rel1.win32_1.0.0.202411081344\tools\bin/../lib/gcc/arm-none-eabi/13.3.1/../../../../arm-none-eabi/include/c++/13.3.1/bits/stl_tree.h:1930:5:void std::_Rb_tree<_Key, _Val, _KeyOfValue, _Compare, _Alloc>::_M_erase(_Link_type) [with _Key = SPI_TypeDef*; _Val = std::pair<SPI_TypeDef* const, bool*>; _KeyOfValue = std::_Select1st<std::pair<SPI_TypeDef* const, bool*> >; _Compare = std::less<SPI_TypeDef*>; _Alloc = std::allocator<std::pair<SPI_TypeDef* const, bool*> >]	16	static
C:\ST\STM32CubeIDE_1.16.1\STM32CubeIDE\plugins\com.st.stm32cube.ide.mcu.externaltools.gnu-tools-for-stm32.13.3.rel1.win32_1.0.0.202411081344\tools\bin/../lib/gcc/arm-none-eabi/13.3.1/../../../../arm-none-eabi/include/c++/13.3.1/bits/std_function.h:288:7:) [with _Res = void; _Functor = InitMessageProcessing(DispatcherType*)::<lambda(MessageType&)>; _ArgTypes = {MessageGeneric<void*, MESSAGE_HEADER_GENERIC>&}]	16	static
C:\ST\STM32CubeIDE_1.16.1\STM32CubeIDE\plugins\com.st.stm32cube.ide.mcu.externaltools.gnu-tools-for-stm32.13.3.rel1.win32_1.0.0.202411081344\tools\bin/../lib/gcc/arm-none-eabi/13.3.1/../../../../arm-none-eabi/include/c++/13.3.1/bits/stl_tree.h:1930:5:void std::_Rb_tree<_Key, _Val, _KeyOfValue, _Compare, _Alloc>::_M_erase(_Link_type) [with _Key = ADC_TypeDef*; _Val = std::pair<ADC_TypeDef* const, DeviceTypeADC<1>::StateSwitcher*>; _KeyOfValue = std::_Select1st<std::pair<ADC_TypeDef* const, DeviceTypeADC<1>::StateSwitcher*> >; _Compare = std::less<ADC_TypeDef*>; _Alloc = std::allocator<std::pair<ADC_TypeDef* const, DeviceTypeADC<1>::StateSwitcher*> >]	16	static
C:\ST\STM32CubeIDE_1.16.1\STM32CubeIDE\plugins\com.st.stm32cube.ide.mcu.externaltools.gnu-tools-for-stm32.13.3.rel1.win32_1.0.0.202411081344\tools\bin/../lib/gcc/arm-none-eabi/13.3.1/../../../../arm-none-eabi/include/c++/13.3.1/bits/stl_tree.h:2108:5:std::pair<std::_Rb_tree_node_base*, std::_Rb_tree_node_base*> std::_Rb_tree<_Key, _Val, _KeyOfValue, _Compare, _Alloc>::_M_get_insert_unique_pos(const key_type&) [with _Key = ADC_TypeDef*; _Val = std::pair<ADC_TypeDef* const, DeviceTypeADC<1>::StateSwitcher*>; _KeyOfValue = std::_Select1st<std::pair<ADC_TypeDef* const, DeviceTypeADC<1>::StateSwitcher*> >; _Compare = std::less<ADC_TypeDef*>; _Alloc = std::allocator<std::pair<ADC_TypeDef* const, DeviceTypeADC<1>::StateSwitcher*> >]	24	static
C:\ST\STM32CubeIDE_1.16.1\STM32CubeIDE\plugins\com.st.stm32cube.ide.mcu.externaltools.gnu-tools-for-stm32.13.3.rel1.win32_1.0.0.202411081344\tools\bin/../lib/gcc/arm-none-eabi/13.3.1/../../../../arm-none-eabi/include/c++/13.3.1/bits/stl_tree.h:2108:5:std::pair<std::_Rb_tree_node_base*, std::_Rb_tree_node_base*> std::_Rb_tree<_Key, _Val, _KeyOfValue, _Compare, _Alloc>::_M_get_insert_unique_pos(const key_type&) [with _Key = SPI_TypeDef*; _Val = std::pair<SPI_TypeDef* const, bool*>; _KeyOfValue = std::_Select1st<std::pair<SPI_TypeDef* const, bool*> >; _Compare = std::less<SPI_TypeDef*>; _Alloc = std::allocator<std::pair<SPI_TypeDef* const, bool*> >]	24	static
C:\ST\STM32CubeIDE_1.16.1\STM32CubeIDE\plugins\com.st.stm32cube.ide.mcu.externaltools.gnu-tools-for-stm32.13.3.rel1.win32_1.0.0.202411081344\tools\bin/../lib/gcc/arm-none-eabi/13.3.1/../../../../arm-none-eabi/include/c++/13.3.1/bits/basic_string.h:280:7:constexpr void std::__cxx11::basic_string<_CharT, _Traits, _Alloc>::_M_dispose() [with _CharT = char; _Traits = std::char_traits<char>; _Alloc = std::allocator<char>]	0	static
C:\ST\STM32CubeIDE_1.16.1\STM32CubeIDE\plugins\com.st.stm32cube.ide.mcu.externaltools.gnu-tools-for-stm32.13.3.rel1.win32_1.0.0.202411081344\tools\bin/../lib/gcc/arm-none-eabi/13.3.1/../../../../arm-none-eabi/include/c++/13.3.1/bits/std_function.h:241:5:std::_Function_base::~_Function_base()	8	static
C:\ST\STM32CubeIDE_1.16.1\STM32CubeIDE\plugins\com.st.stm32cube.ide.mcu.externaltools.gnu-tools-for-stm32.13.3.rel1.win32_1.0.0.202411081344\tools\bin/../lib/gcc/arm-none-eabi/13.3.1/../../../../arm-none-eabi/include/c++/13.3.1/bits/stl_vector.h:733:7:constexpr std::vector<_Tp, _Alloc>::~vector() [with _Tp = std::function<void(MessageGeneric<void*, MESSAGE_HEADER_GENERIC>&)>; _Alloc = std::allocator<std::function<void(MessageGeneric<void*, MESSAGE_HEADER_GENERIC>&)> >]	16	static
../Core/Src/main.cpp:230:6:void ScanatorTestSinus()	32	static
../Core/Src/main.cpp:294:6:void PrintStartMessages()	8	static
../Core/Src/main.cpp:311:6:void TimerMicrosecondsTickISR()	0	static
../Core/Src/main.cpp:313:6:void TimerControlDirectISR()	0	static
../Core/Src/main.cpp:454:6:void SystemClock_Config()	120	static,ignoring_inline_asm
../Core/Src/main.cpp:512:6:void PeriphCommonClock_Config()	192	static,ignoring_inline_asm
../Core/Src/main.cpp:1342:6:void RunTaskMonitoring(void*)	8	static
../Core/Src/main.cpp:1528:6:void RunTaskMeasure(void*)	24	static
../Core/Src/main.cpp:1597:6:void HAL_TIM_PeriodElapsedCallback(TIM_HandleTypeDef*)	8	static
../Core/Src/main.cpp:1628:6:void Error_Handler()	0	static,ignoring_inline_asm
C:\ST\STM32CubeIDE_1.16.1\STM32CubeIDE\plugins\com.st.stm32cube.ide.mcu.externaltools.gnu-tools-for-stm32.13.3.rel1.win32_1.0.0.202411081344\tools\bin/../lib/gcc/arm-none-eabi/13.3.1/../../../../arm-none-eabi/include/c++/13.3.1/bits/basic_string.h:425:7:static constexpr void std::__cxx11::basic_string<_CharT, _Traits, _Alloc>::_S_copy(_CharT*, const _CharT*, size_type) [with _CharT = char; _Traits = std::char_traits<char>; _Alloc = std::allocator<char>]	8	static
C:\ST\STM32CubeIDE_1.16.1\STM32CubeIDE\plugins\com.st.stm32cube.ide.mcu.externaltools.gnu-tools-for-stm32.13.3.rel1.win32_1.0.0.202411081344\tools\bin/../lib/gcc/arm-none-eabi/13.3.1/../../../../arm-none-eabi/include/c++/13.3.1/bits/basic_string.h:641:7:constexpr std::__cxx11::basic_string<_CharT, _Traits, _Alloc>::basic_string(const _CharT*, const _Alloc&) [with <template-parameter-2-1> = std::allocator<char>; _CharT = char; _Traits = std::char_traits<char>; _Alloc = std::allocator<char>]	24	static
C:\ST\STM32CubeIDE_1.16.1\STM32CubeIDE\plugins\com.st.stm32cube.ide.mcu.externaltools.gnu-tools-for-stm32.13.3.rel1.win32_1.0.0.202411081344\tools\arm-none-eabi\include\c++\13.3.1\bits\basic_string.tcc:277:5:constexpr void std::__cxx11::basic_string<_CharT, _Traits, _Alloc>::_M_assign(const std::__cxx11::basic_string<_CharT, _Traits, _Alloc>&) [with _CharT = char; _Traits = std::char_traits<char>; _Alloc = std::allocator<char>]	32	static
C:\ST\STM32CubeIDE_1.16.1\STM32CubeIDE\plugins\com.st.stm32cube.ide.mcu.externaltools.gnu-tools-for-stm32.13.3.rel1.win32_1.0.0.202411081344\tools\bin/../lib/gcc/arm-none-eabi/13.3.1/../../../../arm-none-eabi/include/c++/13.3.1/bits/std_function.h:239:5:constexpr std::_Function_base::_Function_base()	0	static
../Core/Inc/DeviceSignalInterfaces.h:472:6:void DeviceTypeADC<N_CHAN>::ReinitDevice() [with int N_CHAN = 1]	56	static,ignoring_inline_asm
../Core/Inc/DeviceSignalInterfaces.h:426:6:void DeviceTypeADC<N_CHAN>::ReadSignal() [with int N_CHAN = 1]	16	static
../Core/Inc/DeviceSignalInterfaces.h:319:21:const uint16_t& DeviceTypeADC<N_CHAN>::GetValue() [with int N_CHAN = 1]	8	static
../Core/Src/main.cpp:1367:6:void ADCTest()	24	static
../Core/Inc/./RING_BUFFER/engine_type_register.h:34:19:static void TypeRegister<T>::SetTypeSize(int) [with T = void*]	0	static
C:\ST\STM32CubeIDE_1.16.1\STM32CubeIDE\plugins\com.st.stm32cube.ide.mcu.externaltools.gnu-tools-for-stm32.13.3.rel1.win32_1.0.0.202411081344\tools\bin/../lib/gcc/arm-none-eabi/13.3.1/../../../../arm-none-eabi/include/c++/13.3.1/bits/stl_tree.h:2458:7:) [with _Args = {const std::piecewise_construct_t&, std::tuple<SPI_TypeDef* const&>, std::tuple<>}; _Key = SPI_TypeDef*; _Val = std::pair<SPI_TypeDef* const, bool*>; _KeyOfValue = std::_Select1st<std::pair<SPI_TypeDef* const, bool*> >; _Compare = std::less<SPI_TypeDef*>; _Alloc = std::allocator<std::pair<SPI_TypeDef* const, bool*> >]	40	static
C:\ST\STM32CubeIDE_1.16.1\STM32CubeIDE\plugins\com.st.stm32cube.ide.mcu.externaltools.gnu-tools-for-stm32.13.3.rel1.win32_1.0.0.202411081344\tools\bin/../lib/gcc/arm-none-eabi/13.3.1/../../../../arm-none-eabi/include/c++/13.3.1/bits/stl_map.h:504:7:std::map<_Key, _Tp, _Compare, _Alloc>::mapped_type& std::map<_Key, _Tp, _Compare, _Alloc>::operator[](const key_type&) [with _Key = SPI_TypeDef*; _Tp = bool*; _Compare = std::less<SPI_TypeDef*>; _Alloc = std::allocator<std::pair<SPI_TypeDef* const, bool*> >]	40	static
../Core/Src/main.cpp:1309:6:void HAL_SPI_TxCpltCallback(SPI_HandleTypeDef*)	8	static
../Core/Src/main.cpp:323:5:int main()	88	static,ignoring_inline_asm
C:\ST\STM32CubeIDE_1.16.1\STM32CubeIDE\plugins\com.st.stm32cube.ide.mcu.externaltools.gnu-tools-for-stm32.13.3.rel1.win32_1.0.0.202411081344\tools\bin/../lib/gcc/arm-none-eabi/13.3.1/../../../../arm-none-eabi/include/c++/13.3.1/bits/stl_tree.h:2458:7:) [with _Args = {const std::piecewise_construct_t&, std::tuple<ADC_TypeDef* const&>, std::tuple<>}; _Key = ADC_TypeDef*; _Val = std::pair<ADC_TypeDef* const, DeviceTypeADC<1>::StateSwitcher*>; _KeyOfValue = std::_Select1st<std::pair<ADC_TypeDef* const, DeviceTypeADC<1>::StateSwitcher*> >; _Compare = std::less<ADC_TypeDef*>; _Alloc = std::allocator<std::pair<ADC_TypeDef* const, DeviceTypeADC<1>::StateSwitcher*> >]	40	static
C:\ST\STM32CubeIDE_1.16.1\STM32CubeIDE\plugins\com.st.stm32cube.ide.mcu.externaltools.gnu-tools-for-stm32.13.3.rel1.win32_1.0.0.202411081344\tools\bin/../lib/gcc/arm-none-eabi/13.3.1/../../../../arm-none-eabi/include/c++/13.3.1/bits/stl_map.h:504:7:std::map<_Key, _Tp, _Compare, _Alloc>::mapped_type& std::map<_Key, _Tp, _Compare, _Alloc>::operator[](const key_type&) [with _Key = ADC_TypeDef*; _Tp = DeviceTypeADC<1>::StateSwitcher*; _Compare = std::less<ADC_TypeDef*>; _Alloc = std::allocator<std::pair<ADC_TypeDef* const, DeviceTypeADC<1>::StateSwitcher*> >]	40	static
../Core/Src/main.cpp:1316:6:void HAL_ADC_ConvCpltCallback(ADC_HandleTypeDef*)	8	static
../Core/Src/main.cpp:1325:6:void HAL_ADC_ConvHalfCpltCallback(ADC_HandleTypeDef*)	8	static
C:\ST\STM32CubeIDE_1.16.1\STM32CubeIDE\plugins\com.st.stm32cube.ide.mcu.externaltools.gnu-tools-for-stm32.13.3.rel1.win32_1.0.0.202411081344\tools\bin/../lib/gcc/arm-none-eabi/13.3.1/../../../../arm-none-eabi/include/c++/13.3.1/bits/stl_vector.h:1896:7:constexpr std::vector<_Tp, _Alloc>::size_type std::vector<_Tp, _Alloc>::_M_check_len(size_type, const char*) const [with _Tp = std::function<void(MessageGeneric<void*, MESSAGE_HEADER_GENERIC>&)>; _Alloc = std::allocator<std::function<void(MessageGeneric<void*, MESSAGE_HEADER_GENERIC>&)> >]	16	static
C:\ST\STM32CubeIDE_1.16.1\STM32CubeIDE\plugins\com.st.stm32cube.ide.mcu.externaltools.gnu-tools-for-stm32.13.3.rel1.win32_1.0.0.202411081344\tools\bin/../lib/gcc/arm-none-eabi/13.3.1/../../../../arm-none-eabi/include/c++/13.3.1/bits/std_function.h:386:7:)>&) [with _Res = void; _ArgTypes = {MessageGeneric<void*, MESSAGE_HEADER_GENERIC>&}]	16	static
C:\ST\STM32CubeIDE_1.16.1\STM32CubeIDE\plugins\com.st.stm32cube.ide.mcu.externaltools.gnu-tools-for-stm32.13.3.rel1.win32_1.0.0.202411081344\tools\bin/../lib/gcc/arm-none-eabi/13.3.1/../../../../arm-none-eabi/include/c++/13.3.1/bits/stl_vector.h:601:7:constexpr std::vector<_Tp, _Alloc>::vector(const std::vector<_Tp, _Alloc>&) [with _Tp = std::function<void(MessageGeneric<void*, MESSAGE_HEADER_GENERIC>&)>; _Alloc = std::allocator<std::function<void(MessageGeneric<void*, MESSAGE_HEADER_GENERIC>&)> >]	24	static
C:\ST\STM32CubeIDE_1.16.1\STM32CubeIDE\plugins\com.st.stm32cube.ide.mcu.externaltools.gnu-tools-for-stm32.13.3.rel1.win32_1.0.0.202411081344\tools\bin/../lib/gcc/arm-none-eabi/13.3.1/../../../../arm-none-eabi/include/c++/13.3.1/bits/move.h:189:5:constexpr std::_Require<std::__not_<std::__is_tuple_like<_Tp> >, std::is_move_constructible<_Tp>, std::is_move_assignable<_Tp> > std::swap(_Tp&, _Tp&) [with _Tp = _Any_data]	16	static
C:\ST\STM32CubeIDE_1.16.1\STM32CubeIDE\plugins\com.st.stm32cube.ide.mcu.externaltools.gnu-tools-for-stm32.13.3.rel1.win32_1.0.0.202411081344\tools\bin/../lib/gcc/arm-none-eabi/13.3.1/../../../../arm-none-eabi/include/c++/13.3.1/bits/std_function.h:469:7:)>&) [with _Res = void; _ArgTypes = {MessageGeneric<void*, MESSAGE_HEADER_GENERIC>&}]	24	static
C:\ST\STM32CubeIDE_1.16.1\STM32CubeIDE\plugins\com.st.stm32cube.ide.mcu.externaltools.gnu-tools-for-stm32.13.3.rel1.win32_1.0.0.202411081344\tools\arm-none-eabi\include\c++\13.3.1\bits\stl_uninitialized.h:163:5:_ForwardIterator std::uninitialized_copy(_InputIterator, _InputIterator, _ForwardIterator) [with _InputIterator = __gnu_cxx::__normal_iterator<function<void(MessageGeneric<void*, MESSAGE_HEADER_GENERIC>&)>*, vector<function<void(MessageGeneric<void*, MESSAGE_HEADER_GENERIC>&)>, allocator<function<void(MessageGeneric<void*, MESSAGE_HEADER_GENERIC>&)> > > >; _ForwardIterator = function<void(MessageGeneric<void*, MESSAGE_HEADER_GENERIC>&)>*]	16	static
C:\ST\STM32CubeIDE_1.16.1\STM32CubeIDE\plugins\com.st.stm32cube.ide.mcu.externaltools.gnu-tools-for-stm32.13.3.rel1.win32_1.0.0.202411081344\tools\arm-none-eabi\include\c++\13.3.1\bits\stl_uninitialized.h:637:9:static constexpr _ForwardIterator std::__uninitialized_default_n_1<_TrivialValueType>::__uninit_default_n(_ForwardIterator, _Size) [with _ForwardIterator = std::function<void(MessageGeneric<void*, MESSAGE_HEADER_GENERIC>&)>*; _Size = unsigned int; bool _TrivialValueType = false]	24	static
C:\ST\STM32CubeIDE_1.16.1\STM32CubeIDE\plugins\com.st.stm32cube.ide.mcu.externaltools.gnu-tools-for-stm32.13.3.rel1.win32_1.0.0.202411081344\tools\bin/../lib/gcc/arm-none-eabi/13.3.1/../../../../arm-none-eabi/include/c++/13.3.1/bits/std_function.h:404:7:)>&&) [with _Res = void; _ArgTypes = {MessageGeneric<void*, MESSAGE_HEADER_GENERIC>&}]	16	static
C:\ST\STM32CubeIDE_1.16.1\STM32CubeIDE\plugins\com.st.stm32cube.ide.mcu.externaltools.gnu-tools-for-stm32.13.3.rel1.win32_1.0.0.202411081344\tools\arm-none-eabi\include\c++\13.3.1\bits\stl_uninitialized.h:163:5:_ForwardIterator std::uninitialized_copy(_InputIterator, _InputIterator, _ForwardIterator) [with _InputIterator = move_iterator<function<void(MessageGeneric<void*, MESSAGE_HEADER_GENERIC>&)>*>; _ForwardIterator = function<void(MessageGeneric<void*, MESSAGE_HEADER_GENERIC>&)>*]	16	static
C:\ST\STM32CubeIDE_1.16.1\STM32CubeIDE\plugins\com.st.stm32cube.ide.mcu.externaltools.gnu-tools-for-stm32.13.3.rel1.win32_1.0.0.202411081344\tools\bin/../lib/gcc/arm-none-eabi/13.3.1/../../../../arm-none-eabi/include/c++/13.3.1/bits/stl_vector.h:1482:2:constexpr std::vector<_Tp, _Alloc>::iterator std::vector<_Tp, _Alloc>::insert(const_iterator, _InputIterator, _InputIterator) [with _InputIterator = __gnu_cxx::__normal_iterator<std::function<void(MessageGeneric<void*, MESSAGE_HEADER_GENERIC>&)>*, std::vector<std::function<void(MessageGeneric<void*, MESSAGE_HEADER_GENERIC>&)>, std::allocator<std::function<void(MessageGeneric<void*, MESSAGE_HEADER_GENERIC>&)> > > >; <template-parameter-2-2> = void; _Tp = std::function<void(MessageGeneric<void*, MESSAGE_HEADER_GENERIC>&)>; _Alloc = std::allocator<std::function<void(MessageGeneric<void*, MESSAGE_HEADER_GENERIC>&)> >]	64	static
C:\ST\STM32CubeIDE_1.16.1\STM32CubeIDE\plugins\com.st.stm32cube.ide.mcu.externaltools.gnu-tools-for-stm32.13.3.rel1.win32_1.0.0.202411081344\tools\bin/../lib/gcc/arm-none-eabi/13.3.1/../../../../arm-none-eabi/include/c++/13.3.1/bits/vector.tcc:634:5:constexpr void std::vector<_Tp, _Alloc>::_M_default_append(size_type) [with _Tp = std::function<void(MessageGeneric<void*, MESSAGE_HEADER_GENERIC>&)>; _Alloc = std::allocator<std::function<void(MessageGeneric<void*, MESSAGE_HEADER_GENERIC>&)> >]	48	static
C:\ST\STM32CubeIDE_1.16.1\STM32CubeIDE\plugins\com.st.stm32cube.ide.mcu.externaltools.gnu-tools-for-stm32.13.3.rel1.win32_1.0.0.202411081344\tools\bin/../lib/gcc/arm-none-eabi/13.3.1/../../../../arm-none-eabi/include/c++/13.3.1/bits/stl_vector.h:1013:7:constexpr void std::vector<_Tp, _Alloc>::resize(size_type) [with _Tp = std::function<void(MessageGeneric<void*, MESSAGE_HEADER_GENERIC>&)>; _Alloc = std::allocator<std::function<void(MessageGeneric<void*, MESSAGE_HEADER_GENERIC>&)> >]	24	static
../Core/Src/main.cpp:1385:6:void InitMessageProcessing(DispatcherType*)	48	static
../Core/Src/main.cpp:1458:6:void RunTaskControl(void*)	24	static
../Core/Src/main.cpp:1637:1:cpp)	56	static
../Core/Src/main.cpp:1637:1:cpp)	8	static
