../Core/Src/stm32h7xx_it.c:80:6:NMI_Handler	0	static
../Core/Src/stm32h7xx_it.c:95:6:HardFault_Handler	0	static
../Core/Src/stm32h7xx_it.c:110:6:MemManage_Handler	0	static
../Core/Src/stm32h7xx_it.c:125:6:BusFault_Handler	0	static
../Core/Src/stm32h7xx_it.c:140:6:UsageFault_Handler	0	static
../Core/Src/stm32h7xx_it.c:155:6:DebugMon_Handler	0	static
../Core/Src/stm32h7xx_it.c:175:6:DMA1_Stream0_IRQHandler	0	static
../Core/Src/stm32h7xx_it.c:189:6:DMA1_Stream1_IRQHandler	0	static
../Core/Src/stm32h7xx_it.c:203:6:ADC_IRQHandler	8	static
../Core/Src/stm32h7xx_it.c:218:6:TIM1_UP_IRQHandler	0	static
../Core/Src/stm32h7xx_it.c:232:6:SPI2_IRQHandler	0	static
../Core/Src/stm32h7xx_it.c:246:6:USART2_IRQHandler	0	static
../Core/Src/stm32h7xx_it.c:260:6:TIM5_IRQHandler	0	static
../Core/Src/stm32h7xx_it.c:274:6:TIM6_DAC_IRQHandler	8	static
../Core/Src/stm32h7xx_it.c:289:6:USART6_IRQHandler	0	static
