../Core/Src/W5500ReadWriteInterface.c:24:6:W5500_Select	0	static
../Core/Src/W5500ReadWriteInterface.c:30:6:W5500_Unselect	0	static
../Core/Src/W5500ReadWriteInterface.c:35:6:W5500_ReadBuff	0	static
../Core/Src/W5500ReadWriteInterface.c:45:9:W5500_ReadByte	16	static
../Core/Src/W5500ReadWriteInterface.c:40:6:W5500_WriteBuff	0	static
../Core/Src/W5500ReadWriteInterface.c:52:6:W5500_WriteByte	16	static
../Core/Src/W5500ReadWriteInterface.c:19:6:WriteDebugMessage	8	static
../Core/Src/W5500ReadWriteInterface.c:59:6:W5500_Init	8	static
../Core/Src/W5500ReadWriteInterface.c:105:6:W5500_SocketCreate	24	static
