../Drivers/ETHERNET/socket.c:197:8:close	24	static
../Drivers/ETHERNET/socket.c:105:8:socket	32	static
../Drivers/ETHERNET/socket.c:240:8:listen	16	static
../Drivers/ETHERNET/socket.c:256:8:connect	32	static
../Drivers/ETHERNET/socket.c:296:8:disconnect	16	static
../Drivers/ETHERNET/socket.c:316:9:send	40	static
../Drivers/ETHERNET/socket.c:384:9:recv	56	static
../Drivers/ETHERNET/socket.c:430:9:sendto	40	static
../Drivers/ETHERNET/socket.c:534:9:recvfrom	56	static
../Drivers/ETHERNET/socket.c:716:9:ctlsocket	8	static
../Drivers/ETHERNET/socket.c:762:9:setsockopt	16	static
../Drivers/ETHERNET/socket.c:815:9:getsockopt	16	static
