Archive member included to satisfy reference by file (symbol)

C:/ST/STM32CubeIDE_1.16.1/STM32CubeIDE/plugins/com.st.stm32cube.ide.mcu.externaltools.gnu-tools-for-stm32.13.3.rel1.win32_1.0.0.202411081344/tools/bin/../lib/gcc/arm-none-eabi/13.3.1/../../../../arm-none-eabi/lib/thumb/v7e-m+dp/hard\libstdc++_nano.a(del_ops.o)
                              ./Core/Src/TCPInterface.o (operator delete(void*, unsigned int))
C:/ST/STM32CubeIDE_1.16.1/STM32CubeIDE/plugins/com.st.stm32cube.ide.mcu.externaltools.gnu-tools-for-stm32.13.3.rel1.win32_1.0.0.202411081344/tools/bin/../lib/gcc/arm-none-eabi/13.3.1/../../../../arm-none-eabi/lib/thumb/v7e-m+dp/hard\libstdc++_nano.a(new_op.o)
                              ./Core/Src/TCPInterface.o (operator new(unsigned int))
C:/ST/STM32CubeIDE_1.16.1/STM32CubeIDE/plugins/com.st.stm32cube.ide.mcu.externaltools.gnu-tools-for-stm32.13.3.rel1.win32_1.0.0.202411081344/tools/bin/../lib/gcc/arm-none-eabi/13.3.1/../../../../arm-none-eabi/lib/thumb/v7e-m+dp/hard\libstdc++_nano.a(new_opv.o)
                              ./Core/Src/TCPInterface.o (operator new[](unsigned int))
C:/ST/STM32CubeIDE_1.16.1/STM32CubeIDE/plugins/com.st.stm32cube.ide.mcu.externaltools.gnu-tools-for-stm32.13.3.rel1.win32_1.0.0.202411081344/tools/bin/../lib/gcc/arm-none-eabi/13.3.1/../../../../arm-none-eabi/lib/thumb/v7e-m+dp/hard\libstdc++_nano.a(tree.o)
                              ./Core/Src/main.o (std::_Rb_tree_increment(std::_Rb_tree_node_base*))
C:/ST/STM32CubeIDE_1.16.1/STM32CubeIDE/plugins/com.st.stm32cube.ide.mcu.externaltools.gnu-tools-for-stm32.13.3.rel1.win32_1.0.0.202411081344/tools/bin/../lib/gcc/arm-none-eabi/13.3.1/../../../../arm-none-eabi/lib/thumb/v7e-m+dp/hard\libstdc++_nano.a(functexcept.o)
                              ./Core/Src/TCPInterface.o (std::__throw_bad_alloc())
C:/ST/STM32CubeIDE_1.16.1/STM32CubeIDE/plugins/com.st.stm32cube.ide.mcu.externaltools.gnu-tools-for-stm32.13.3.rel1.win32_1.0.0.202411081344/tools/bin/../lib/gcc/arm-none-eabi/13.3.1/../../../../arm-none-eabi/lib/thumb/v7e-m+dp/hard\libstdc++_nano.a(del_op.o)
                              C:/ST/STM32CubeIDE_1.16.1/STM32CubeIDE/plugins/com.st.stm32cube.ide.mcu.externaltools.gnu-tools-for-stm32.13.3.rel1.win32_1.0.0.202411081344/tools/bin/../lib/gcc/arm-none-eabi/13.3.1/../../../../arm-none-eabi/lib/thumb/v7e-m+dp/hard\libstdc++_nano.a(del_ops.o) (operator delete(void*))
C:/ST/STM32CubeIDE_1.16.1/STM32CubeIDE/plugins/com.st.stm32cube.ide.mcu.externaltools.gnu-tools-for-stm32.13.3.rel1.win32_1.0.0.202411081344/tools/bin/../lib/gcc/arm-none-eabi/13.3.1/../../../../arm-none-eabi/lib/thumb/v7e-m+dp/hard\libstdc++_nano.a(new_handler.o)
                              C:/ST/STM32CubeIDE_1.16.1/STM32CubeIDE/plugins/com.st.stm32cube.ide.mcu.externaltools.gnu-tools-for-stm32.13.3.rel1.win32_1.0.0.202411081344/tools/bin/../lib/gcc/arm-none-eabi/13.3.1/../../../../arm-none-eabi/lib/thumb/v7e-m+dp/hard\libstdc++_nano.a(new_op.o) (std::get_new_handler())
C:/ST/STM32CubeIDE_1.16.1/STM32CubeIDE/plugins/com.st.stm32cube.ide.mcu.externaltools.gnu-tools-for-stm32.13.3.rel1.win32_1.0.0.202411081344/tools/bin/../lib/gcc/arm-none-eabi/13.3.1/../../../../arm-none-eabi/lib/thumb/v7e-m+dp/hard\libm.a(libm_a-s_cos.o)
                              ./Core/Src/UtiliteFunctions.o (cos)
C:/ST/STM32CubeIDE_1.16.1/STM32CubeIDE/plugins/com.st.stm32cube.ide.mcu.externaltools.gnu-tools-for-stm32.13.3.rel1.win32_1.0.0.202411081344/tools/bin/../lib/gcc/arm-none-eabi/13.3.1/../../../../arm-none-eabi/lib/thumb/v7e-m+dp/hard\libm.a(libm_a-s_sin.o)
                              ./Core/Src/UtiliteFunctions.o (sin)
C:/ST/STM32CubeIDE_1.16.1/STM32CubeIDE/plugins/com.st.stm32cube.ide.mcu.externaltools.gnu-tools-for-stm32.13.3.rel1.win32_1.0.0.202411081344/tools/bin/../lib/gcc/arm-none-eabi/13.3.1/../../../../arm-none-eabi/lib/thumb/v7e-m+dp/hard\libm.a(libm_a-k_cos.o)
                              C:/ST/STM32CubeIDE_1.16.1/STM32CubeIDE/plugins/com.st.stm32cube.ide.mcu.externaltools.gnu-tools-for-stm32.13.3.rel1.win32_1.0.0.202411081344/tools/bin/../lib/gcc/arm-none-eabi/13.3.1/../../../../arm-none-eabi/lib/thumb/v7e-m+dp/hard\libm.a(libm_a-s_cos.o) (__kernel_cos)
C:/ST/STM32CubeIDE_1.16.1/STM32CubeIDE/plugins/com.st.stm32cube.ide.mcu.externaltools.gnu-tools-for-stm32.13.3.rel1.win32_1.0.0.202411081344/tools/bin/../lib/gcc/arm-none-eabi/13.3.1/../../../../arm-none-eabi/lib/thumb/v7e-m+dp/hard\libm.a(libm_a-k_sin.o)
                              C:/ST/STM32CubeIDE_1.16.1/STM32CubeIDE/plugins/com.st.stm32cube.ide.mcu.externaltools.gnu-tools-for-stm32.13.3.rel1.win32_1.0.0.202411081344/tools/bin/../lib/gcc/arm-none-eabi/13.3.1/../../../../arm-none-eabi/lib/thumb/v7e-m+dp/hard\libm.a(libm_a-s_cos.o) (__kernel_sin)
C:/ST/STM32CubeIDE_1.16.1/STM32CubeIDE/plugins/com.st.stm32cube.ide.mcu.externaltools.gnu-tools-for-stm32.13.3.rel1.win32_1.0.0.202411081344/tools/bin/../lib/gcc/arm-none-eabi/13.3.1/../../../../arm-none-eabi/lib/thumb/v7e-m+dp/hard\libm.a(libm_a-e_rem_pio2.o)
[...]
Memory Configuration

Name             Origin             Length             Attributes
ITCMRAM          0x00000000         0x00010000         xrw
DTCMRAM          0x20000000         0x00020000         xrw
FLASH            0x08000000         0x00100000         xr
RAM_D1           0x24000000         0x00050000         xrw
RAM_D2           0x30000000         0x00008000         xrw
RAM_D3           0x38000000         0x00004000         xrw
*default*        0x00000000         0xffffffff

Linker script and memory map

LOAD C:/ST/STM32CubeIDE_1.16.1/STM32CubeIDE/plugins/com.st.stm32cube.ide.mcu.externaltools.gnu-tools-for-stm32.13.3.rel1.win32_1.0.0.202411081344/tools/bin/../lib/gcc/arm-none-eabi/13.3.1/thumb/v7e-m+dp/hard/crti.o
LOAD C:/ST/STM32CubeIDE_1.16.1/STM32CubeIDE/plugins/com.st.stm32cube.ide.mcu.externaltools.gnu-tools-for-stm32.13.3.rel1.win32_1.0.0.202411081344/tools/bin/../lib/gcc/arm-none-eabi/13.3.1/thumb/v7e-m+dp/hard/crtbegin.o
LOAD C:/ST/STM32CubeIDE_1.16.1/STM32CubeIDE/plugins/com.st.stm32cube.ide.mcu.externaltools.gnu-tools-for-stm32.13.3.rel1.win32_1.0.0.202411081344/tools/bin/../lib/gcc/arm-none-eabi/13.3.1/../../../../arm-none-eabi/lib/thumb/v7e-m+dp/hard/crt0.o
LOAD ./Core/Src/CommandStructures.o
LOAD ./Core/Src/DataStorageEngine.o
LOAD ./Core/Src/TCPInterface.o
LOAD ./Core/Src/UtiliteFunctions.o
LOAD ./Core/Src/W5500ReadWriteInterface.o
LOAD ./Core/Src/app_freertos.o
LOAD ./Core/Src/freertos.o
LOAD ./Core/Src/main.o
LOAD ./Core/Src/stm32h7xx_hal_msp.o
LOAD ./Core/Src/stm32h7xx_hal_timebase_tim.o
LOAD ./Core/Src/stm32h7xx_it.o
LOAD ./Core/Src/syscalls.o
LOAD ./Core/Src/sysmem.o
LOAD ./Core/Src/system_stm32h7xx.o
LOAD ./Core/Startup/startup_stm32h723vgtx.o
LOAD ./Drivers/ETHERNET/W5500/w5500.o
LOAD ./Drivers/ETHERNET/socket.o
LOAD ./Drivers/ETHERNET/wizchip_conf.o
LOAD ./Drivers/STM32H7xx_HAL_Driver/Src/stm32h7xx_hal.o
LOAD ./Drivers/STM32H7xx_HAL_Driver/Src/stm32h7xx_hal_adc.o
LOAD ./Drivers/STM32H7xx_HAL_Driver/Src/stm32h7xx_hal_adc_ex.o
LOAD ./Drivers/STM32H7xx_HAL_Driver/Src/stm32h7xx_hal_cortex.o
LOAD ./Drivers/STM32H7xx_HAL_Driver/Src/stm32h7xx_hal_dac.o
LOAD ./Drivers/STM32H7xx_HAL_Driver/Src/stm32h7xx_hal_dac_ex.o
LOAD ./Drivers/STM32H7xx_HAL_Driver/Src/stm32h7xx_hal_dma.o
LOAD ./Drivers/STM32H7xx_HAL_Driver/Src/stm32h7xx_hal_dma_ex.o
LOAD ./Drivers/STM32H7xx_HAL_Driver/Src/stm32h7xx_hal_exti.o
LOAD ./Drivers/STM32H7xx_HAL_Driver/Src/stm32h7xx_hal_fdcan.o
LOAD ./Drivers/STM32H7xx_HAL_Driver/Src/stm32h7xx_hal_flash.o
LOAD ./Drivers/STM32H7xx_HAL_Driver/Src/stm32h7xx_hal_flash_ex.o
LOAD ./Drivers/STM32H7xx_HAL_Driver/Src/stm32h7xx_hal_gpio.o
LOAD ./Drivers/STM32H7xx_HAL_Driver/Src/stm32h7xx_hal_hsem.o
LOAD ./Drivers/STM32H7xx_HAL_Driver/Src/stm32h7xx_hal_i2c.o
LOAD ./Drivers/STM32H7xx_HAL_Driver/Src/stm32h7xx_hal_i2c_ex.o
LOAD ./Drivers/STM32H7xx_HAL_Driver/Src/stm32h7xx_hal_mdma.o
LOAD ./Drivers/STM32H7xx_HAL_Driver/Src/stm32h7xx_hal_ospi.o
LOAD ./Drivers/STM32H7xx_HAL_Driver/Src/stm32h7xx_hal_pwr.o
LOAD ./Drivers/STM32H7xx_HAL_Driver/Src/stm32h7xx_hal_pwr_ex.o
LOAD ./Drivers/STM32H7xx_HAL_Driver/Src/stm32h7xx_hal_rcc.o
LOAD ./Drivers/STM32H7xx_HAL_Driver/Src/stm32h7xx_hal_rcc_ex.o
LOAD ./Drivers/STM32H7xx_HAL_Driver/Src/stm32h7xx_hal_spi.o
LOAD ./Drivers/STM32H7xx_HAL_Driver/Src/stm32h7xx_hal_spi_ex.o
LOAD ./Drivers/STM32H7xx_HAL_Driver/Src/stm32h7xx_hal_tim.o
LOAD ./Drivers/STM32H7xx_HAL_Driver/Src/stm32h7xx_hal_tim_ex.o
LOAD ./Drivers/STM32H7xx_HAL_Driver/Src/stm32h7xx_hal_uart.o
LOAD ./Drivers/STM32H7xx_HAL_Driver/Src/stm32h7xx_hal_uart_ex.o
LOAD ./Middlewares/Third_Party/FreeRTOS/Source/CMSIS_RTOS_V2/cmsis_os2.o
LOAD ./Middlewares/Third_Party/FreeRTOS/Source/croutine.o
LOAD ./Middlewares/Third_Party/FreeRTOS/Source/event_groups.o
LOAD ./Middlewares/Third_Party/FreeRTOS/Source/list.o
LOAD ./Middlewares/Third_Party/FreeRTOS/Source/queue.o
LOAD ./Middlewares/Third_Party/FreeRTOS/Source/stream_buffer.o
LOAD ./Middlewares/Third_Party/FreeRTOS/Source/tasks.o
LOAD ./Middlewares/Third_Party/FreeRTOS/Source/timers.o
LOAD ./Middlewares/Third_Party/FreeRTOS/Source/portable/GCC/ARM_CM4F/port.o
LOAD ./Middlewares/Third_Party/FreeRTOS/Source/portable/MemMang/heap_4.o
START GROUP
LOAD C:/ST/STM32CubeIDE_1.16.1/STM32CubeIDE/plugins/com.st.stm32cube.ide.mcu.externaltools.gnu-tools-for-stm32.13.3.rel1.win32_1.0.0.202411081344/tools/bin/../lib/gcc/arm-none-eabi/13.3.1/../../../../arm-none-eabi/lib/thumb/v7e-m+dp/hard\libstdc++_nano.a
LOAD C:/ST/STM32CubeIDE_1.16.1/STM32CubeIDE/plugins/com.st.stm32cube.ide.mcu.externaltools.gnu-tools-for-stm32.13.3.rel1.win32_1.0.0.202411081344/tools/bin/../lib/gcc/arm-none-eabi/13.3.1/../../../../arm-none-eabi/lib/thumb/v7e-m+dp/hard\libsupc++_nano.a
END GROUP
LOAD C:/ST/STM32CubeIDE_1.16.1/STM32CubeIDE/plugins/com.st.stm32cube.ide.mcu.externaltools.gnu-tools-for-stm32.13.3.rel1.win32_1.0.0.202411081344/tools/bin/../lib/gcc/arm-none-eabi/13.3.1/../../../../arm-none-eabi/lib/thumb/v7e-m+dp/hard\libstdc++_nano.a
LOAD C:/ST/STM32CubeIDE_1.16.1/STM32CubeIDE/plugins/com.st.stm32cube.ide.mcu.externaltools.gnu-tools-for-stm32.13.3.rel1.win32_1.0.0.202411081344/tools/bin/../lib/gcc/arm-none-eabi/13.3.1/../../../../arm-none-eabi/lib/thumb/v7e-m+dp/hard\libm.a
LOAD C:/ST/STM32CubeIDE_1.16.1/STM32CubeIDE/plugins/com.st.stm32cube.ide.mcu.externaltools.gnu-tools-for-stm32.13.3.rel1.win32_1.0.0.202411081344/tools/bin/../lib/gcc/arm-none-eabi/13.3.1/../../../../arm-none-eabi/lib/thumb/v7e-m+dp/hard\libc_nano.a
START GROUP
LOAD C:/ST/STM32CubeIDE_1.16.1/STM32CubeIDE/plugins/com.st.stm32cube.ide.mcu.externaltools.gnu-tools-for-stm32.13.3.rel1.win32_1.0.0.202411081344/tools/bin/../lib/gcc/arm-none-eabi/13.3.1/thumb/v7e-m+dp/hard\libgcc.a
LOAD C:/ST/STM32CubeIDE_1.16.1/STM32CubeIDE/plugins/com.st.stm32cube.ide.mcu.externaltools.gnu-tools-for-stm32.13.3.rel1.win32_1.0.0.202411081344/tools/bin/../lib/gcc/arm-none-eabi/13.3.1/../../../../arm-none-eabi/lib/thumb/v7e-m+dp/hard\libc_nano.a
END GROUP
START GROUP
LOAD C:/ST/STM32CubeIDE_1.16.1/STM32CubeIDE/plugins/com.st.stm32cube.ide.mcu.externaltools.gnu-tools-for-stm32.13.3.rel1.win32_1.0.0.202411081344/tools/bin/../lib/gcc/arm-none-eabi/13.3.1/thumb/v7e-m+dp/hard\libgcc.a
LOAD C:/ST/STM32CubeIDE_1.16.1/STM32CubeIDE/plugins/com.st.stm32cube.ide.mcu.externaltools.gnu-tools-for-stm32.13.3.rel1.win32_1.0.0.202411081344/tools/bin/../lib/gcc/arm-none-eabi/13.3.1/../../../../arm-none-eabi/lib/thumb/v7e-m+dp/hard\libc_nano.a
LOAD C:/ST/STM32CubeIDE_1.16.1/STM32CubeIDE/plugins/com.st.stm32cube.ide.mcu.externaltools.gnu-tools-for-stm32.13.3.rel1.win32_1.0.0.202411081344/tools/bin/../lib/gcc/arm-none-eabi/13.3.1/../../../../arm-none-eabi/lib/thumb/v7e-m+dp/hard\libnosys.a
END GROUP
START GROUP
LOAD C:/ST/STM32CubeIDE_1.16.1/STM32CubeIDE/plugins/com.st.stm32cube.ide.mcu.externaltools.gnu-tools-for-stm32.13.3.rel1.win32_1.0.0.202411081344/tools/bin/../lib/gcc/arm-none-eabi/13.3.1/thumb/v7e-m+dp/hard\libgcc.a
LOAD C:/ST/STM32CubeIDE_1.16.1/STM32CubeIDE/plugins/com.st.stm32cube.ide.mcu.externaltools.gnu-tools-for-stm32.13.3.rel1.win32_1.0.0.202411081344/tools/bin/../lib/gcc/arm-none-eabi/13.3.1/../../../../arm-none-eabi/lib/thumb/v7e-m+dp/hard\libc_nano.a
LOAD C:/ST/STM32CubeIDE_1.16.1/STM32CubeIDE/plugins/com.st.stm32cube.ide.mcu.externaltools.gnu-tools-for-stm32.13.3.rel1.win32_1.0.0.202411081344/tools/bin/../lib/gcc/arm-none-eabi/13.3.1/../../../../arm-none-eabi/lib/thumb/v7e-m+dp/hard\libnosys.a
END GROUP
LOAD C:/ST/STM32CubeIDE_1.16.1/STM32CubeIDE/plugins/com.st.stm32cube.ide.mcu.externaltools.gnu-tools-for-stm32.13.3.rel1.win32_1.0.0.202411081344/tools/bin/../lib/gcc/arm-none-eabi/13.3.1/thumb/v7e-m+dp/hard/crtend.o
LOAD C:/ST/STM32CubeIDE_1.16.1/STM32CubeIDE/plugins/com.st.stm32cube.ide.mcu.externaltools.gnu-tools-for-stm32.13.3.rel1.win32_1.0.0.202411081344/tools/bin/../lib/gcc/arm-none-eabi/13.3.1/thumb/v7e-m+dp/hard/crtn.o
                0x24050000                        _estack = (ORIGIN (RAM_D1) + LENGTH (RAM_D1))
                0x00003200                        _Min_Heap_Size = 0x3200
                0x00001600                        _Min_Stack_Size = 0x1600

.isr_vector     0x08000000      0x2cc
                0x08000000                        . = ALIGN (0x4)
 *(.isr_vector)
 .isr_vector    0x08000000      0x2cc ./Core/Startup/startup_stm32h723vgtx.o
                0x08000000                g_pfnVectors
                0x080002cc                        . = ALIGN (0x4)

.text           0x080002d0     0x9db4
                0x080002d0                        . = ALIGN (0x4)
 *(.text)
 .text          0x080002d0       0x40 C:/ST/STM32CubeIDE_1.16.1/STM32CubeIDE/plugins/com.st.stm32cube.ide.mcu.externaltools.gnu-tools-for-stm32.13.3.rel1.win32_1.0.0.202411081344/tools/bin/../lib/gcc/arm-none-eabi/13.3.1/thumb/v7e-m+dp/hard/crtbegin.o
 .text          0x08000310       0x10 C:/ST/STM32CubeIDE_1.16.1/STM32CubeIDE/plugins/com.st.stm32cube.ide.mcu.externaltools.gnu-tools-for-stm32.13.3.rel1.win32_1.0.0.202411081344/tools/bin/../lib/gcc/arm-none-eabi/13.3.1/../../../../arm-none-eabi/lib/thumb/v7e-m+dp/hard\libc_nano.a(libc_a-strlen.o)
                0x08000310                strlen
 .text          0x08000320       0xa0 C:/ST/STM32CubeIDE_1.16.1/STM32CubeIDE/plugins/com.st.stm32cube.ide.mcu.externaltools.gnu-tools-for-stm32.13.3.rel1.win32_1.0.0.202411081344/tools/bin/../lib/gcc/arm-none-eabi/13.3.1/../../../../arm-none-eabi/lib/thumb/v7e-m+dp/hard\libc_nano.a(libc_a-memchr.o)
                0x08000320                memchr
 .text          0x080003c0       0x30 C:/ST/STM32CubeIDE_1.16.1/STM32CubeIDE/plugins/com.st.stm32cube.ide.mcu.externaltools.gnu-tools-for-stm32.13.3.rel1.win32_1.0.0.202411081344/tools/bin/../lib/gcc/arm-none-eabi/13.3.1/thumb/v7e-m+dp/hard\libgcc.a(_aeabi_uldivmod.o)
                0x080003c0                __aeabi_uldivmod
 .text          0x080003f0      0x2f8 C:/ST/STM32CubeIDE_1.16.1/STM32CubeIDE/plugins/com.st.stm32cube.ide.mcu.externaltools.gnu-tools-for-stm32.13.3.rel1.win32_1.0.0.202411081344/tools/bin/../lib/gcc/arm-none-eabi/13.3.1/thumb/v7e-m+dp/hard\libgcc.a(_udivmoddi4.o)
                0x080003f0                __udivmoddi4
 .text          0x080006e8        0x4 C:/ST/STM32CubeIDE_1.16.1/STM32CubeIDE/plugins/com.st.stm32cube.ide.mcu.externaltools.gnu-tools-for-stm32.13.3.rel1.win32_1.0.0.202411081344/tools/bin/../lib/gcc/arm-none-eabi/13.3.1/thumb/v7e-m+dp/hard\libgcc.a(_dvmd_tls.o)
                0x080006e8                __aeabi_idiv0
                0x080006e8                __aeabi_ldiv0
 *(.text*)
 .text._ZN23DeviceTypeConnectionUDPC2Ev
                0x080006ec       0x98 ./Core/Src/TCPInterface.o
                0x080006ec                DeviceTypeConnectionUDP::DeviceTypeConnectionUDP()
                0x080006ec                DeviceTypeConnectionUDP::DeviceTypeConnectionUDP()
 .text._ZN23DeviceTypeConnectionUDPD2Ev
                0x08000784       0x42 ./Core/Src/TCPInterface.o
                0x08000784                DeviceTypeConnectionUDP::~DeviceTypeConnectionUDP()
                0x08000784                DeviceTypeConnectionUDP::~DeviceTypeConnectionUDP()
 *fill*         0x080007c6        0x2 
 .text._Z7eprintfPKcz
                0x080007c8       0x3c ./Core/Src/UtiliteFunctions.o
                0x080007c8                eprintf(char const*, ...)
 .text._ZN16DeviceDACControlI19__SPI_HandleTypeDefsLi2ELi2EE8GetCoordEv
                0x08000804        0x4 ./Core/Src/main.o
                0x08000804                DeviceDACControl<__SPI_HandleTypeDef, short, 2, 2>::GetCoord()
 .text._ZN16DeviceDACControlI19__SPI_HandleTypeDefsLi1ELi2EE8GetValueEv
                0x08000808        0x4 ./Core/Src/main.o
                0x08000808                DeviceDACControl<__SPI_HandleTypeDef, short, 1, 2>::GetValue()
 .text._ZN16DeviceDACControlI17DAC_HandleTypeDeftLi2ELi1EE8GetCoordEv
                0x0800080c        0x4 ./Core/Src/main.o
                0x0800080c                DeviceDACControl<DAC_HandleTypeDef, unsigned short, 2, 1>::GetCoord()
 .text._ZN16DeviceDACControlI17DAC_HandleTypeDeftLi1ELi1EE8GetValueEv
                0x08000810        0x4 ./Core/Src/main.o
                0x08000810                DeviceDACControl<DAC_HandleTypeDef, unsigned short, 1, 1>::GetValue()
 .text._ZN13DeviceTypeADCILi1EE8SetValueERKt
                0x08000814        0x2 ./Core/Src/main.o
                0x08000814                DeviceTypeADC<1>::SetValue(unsigned short const&)
 *fill*         0x08000816        0x2 
 .text._ZN16DeviceDACControlI19__SPI_HandleTypeDefsLi1ELi2EE8SetValueERKs
                0x08000818       0x58 ./Core/Src/main.o
                0x08000818                DeviceDACControl<__SPI_HandleTypeDef, short, 1, 2>::SetValue(short const&)
 .text._ZN16DeviceDACControlI19__SPI_HandleTypeDefsLi2ELi2EE8SetCoordERKSt4pairIssE
                0x08000870       0x18 ./Core/Src/main.o
                0x08000870                DeviceDACControl<__SPI_HandleTypeDef, short, 2, 2>::SetCoord(std::pair<short, short> const&)
 .text._ZN16DeviceDACControlI17DAC_HandleTypeDeftLi1ELi1EE8SetValueERKt
                0x08000888        0xc ./Core/Src/main.o
                0x08000888                DeviceDACControl<DAC_HandleTypeDef, unsigned short, 1, 1>::SetValue(unsigned short const&)
 .text._ZN16DeviceDACControlI17DAC_HandleTypeDeftLi2ELi1EE8SetCoordERKSt4pairIttE
                0x08000894       0x22 ./Core/Src/main.o
                0x08000894                DeviceDACControl<DAC_HandleTypeDef, unsigned short, 2, 1>::SetCoord(std::pair<unsigned short, unsigned short> const&)
 *fill*         0x080008b6        0x2 
 .text._ZNSt7__cxx1112basic_stringIcSt11char_traitsIcESaIcEE9_M_createERjj.isra.0
                0x080008b8       0x40 ./Core/Src/main.o
 .text._ZNSt8_Rb_treeIP11SPI_TypeDefSt4pairIKS1_PbESt10_Select1stIS5_ESt4lessIS1_ESaIS5_EE8_M_eraseEPSt13_Rb_tree_nodeIS5_E.isra.0
                0x080008f8       0x1c ./Core/Src/main.o
 .text._ZNSt8_Rb_treeIP11ADC_TypeDefSt4pairIKS1_PN13DeviceTypeADCILi1EE13StateSwitcherEESt10_Select1stIS8_ESt4lessIS1_ESaIS8_EE8_M_eraseEPSt13_Rb_tree_nodeIS8_E.isra.0
                0x08000914       0x1c ./Core/Src/main.o
 .text._ZNSt8_Rb_treeIP11ADC_TypeDefSt4pairIKS1_PN13DeviceTypeADCILi1EE13StateSwitcherEESt10_Select1stIS8_ESt4lessIS1_ESaIS8_EE24_M_get_insert_unique_posERS3_.isra.0
                0x08000930       0x4e ./Core/Src/main.o
 .text._ZNSt8_Rb_treeIP11SPI_TypeDefSt4pairIKS1_PbESt10_Select1stIS5_ESt4lessIS1_ESaIS5_EE24_M_get_insert_unique_posERS3_.isra.0
                0x0800097e       0x4e ./Core/Src/main.o
 .text._ZNSt7__cxx1112basic_stringIcSt11char_traitsIcESaIcEE10_M_disposeEv
                0x080009cc       0x16 ./Core/Src/main.o
                0x080009cc                std::__cxx11::basic_string<char, std::char_traits<char>, std::allocator<char> >::_M_dispose()
 *fill*         0x080009e2        0x6 
 .text._Z17ScanatorTestSinusv
                0x080009e8       0xac ./Core/Src/main.o
                0x080009e8                ScanatorTestSinus()
 .text._Z18PrintStartMessagesv
                0x08000a94       0x74 ./Core/Src/main.o
                0x08000a94                PrintStartMessages()
 .text._Z24TimerMicrosecondsTickISRv
                0x08000b08       0x18 ./Core/Src/main.o
                0x08000b08                TimerMicrosecondsTickISR()
 .text._Z18SystemClock_Configv
                0x08000b20       0xa0 ./Core/Src/main.o
                0x08000b20                SystemClock_Config()
 .text._Z24PeriphCommonClock_Configv
                0x08000bc0       0x5a ./Core/Src/main.o
                0x08000bc0                PeriphCommonClock_Config()
 *fill*         0x08000c1a        0x2 
 .text.HAL_TIM_PeriodElapsedCallback
                0x08000c1c       0x2c ./Core/Src/main.o
                0x08000c1c                HAL_TIM_PeriodElapsedCallback
 .text.Error_Handler
                0x08000c48        0x4 ./Core/Src/main.o
                0x08000c48                Error_Handler
 .text._ZNSt7__cxx1112basic_stringIcSt11char_traitsIcESaIcEE7_S_copyEPcPKcj
                0x08000c4c       0x18 ./Core/Src/main.o
                0x08000c4c                std::__cxx11::basic_string<char, std::char_traits<char>, std::allocator<char> >::_S_copy(char*, char const*, unsigned int)
 .text._ZNSt7__cxx1112basic_stringIcSt11char_traitsIcESaIcEEC2IS3_EEPKcRKS3_
                0x08000c64       0x50 ./Core/Src/main.o
                0x08000c64                std::__cxx11::basic_string<char, std::char_traits<char>, std::allocator<char> >::basic_string<std::allocator<char> >(char const*, std::allocator<char> const&)
                0x08000c64                std::__cxx11::basic_string<char, std::char_traits<char>, std::allocator<char> >::basic_string<std::allocator<char> >(char const*, std::allocator<char> const&)
 .text._ZNSt7__cxx1112basic_stringIcSt11char_traitsIcESaIcEE9_M_assignERKS4_
                0x08000cb4       0x50 ./Core/Src/main.o
                0x08000cb4                std::__cxx11::basic_string<char, std::char_traits<char>, std::allocator<char> >::_M_assign(std::__cxx11::basic_string<char, std::char_traits<char>, std::allocator<char> > const&)
 .text._ZN13DeviceTypeADCILi1EE10ReadSignalEv
                0x08000d04       0x62 ./Core/Src/main.o
                0x08000d04                DeviceTypeADC<1>::ReadSignal()
 .text._ZN13DeviceTypeADCILi1EE8GetValueEv
                0x08000d66        0xc ./Core/Src/main.o
                0x08000d66                DeviceTypeADC<1>::GetValue()
 *fill*         0x08000d72        0x2 
 .text._ZN12TypeRegisterIPvE11SetTypeSizeEi
                0x08000d74       0x20 ./Core/Src/main.o
                0x08000d74                TypeRegister<void*>::SetTypeSize(int)
 .text._ZNSt8_Rb_treeIP11SPI_TypeDefSt4pairIKS1_PbESt10_Select1stIS5_ESt4lessIS1_ESaIS5_EE22_M_emplace_hint_uniqueIJRKSt21piecewise_construct_tSt5tupleIJRS3_EESG_IJEEEEESt17_Rb_tree_iteratorIS5_ESt23_Rb_tree_const_iteratorIS5_EDpOT_
                0x08000d94       0xbc ./Core/Src/main.o
                0x08000d94                std::_Rb_tree_iterator<std::pair<SPI_TypeDef* const, bool*> > std::_Rb_tree<SPI_TypeDef*, std::pair<SPI_TypeDef* const, bool*>, std::_Select1st<std::pair<SPI_TypeDef* const, bool*> >, std::less<SPI_TypeDef*>, std::allocator<std::pair<SPI_TypeDef* const, bool*> > >::_M_emplace_hint_unique<std::piecewise_construct_t const&, std::tuple<SPI_TypeDef* const&>, std::tuple<> >(std::_Rb_tree_const_iterator<std::pair<SPI_TypeDef* const, bool*> >, std::piecewise_construct_t const&, std::tuple<SPI_TypeDef* const&>&&, std::tuple<>&&)
 .text._ZNSt3mapIP11SPI_TypeDefPbSt4lessIS1_ESaISt4pairIKS1_S2_EEEixERS6_
                0x08000e50       0x48 ./Core/Src/main.o
                0x08000e50                std::map<SPI_TypeDef*, bool*, std::less<SPI_TypeDef*>, std::allocator<std::pair<SPI_TypeDef* const, bool*> > >::operator[](SPI_TypeDef* const&)
 .text.HAL_SPI_TxCpltCallback
                0x08000e98       0x1c ./Core/Src/main.o
                0x08000e98                HAL_SPI_TxCpltCallback
 .text.startup.main
                0x08000eb4      0x714 ./Core/Src/main.o
                0x08000eb4                main
 .text._ZNSt8_Rb_treeIP11ADC_TypeDefSt4pairIKS1_PN13DeviceTypeADCILi1EE13StateSwitcherEESt10_Select1stIS8_ESt4lessIS1_ESaIS8_EE22_M_emplace_hint_uniqueIJRKSt21piecewise_construct_tSt5tupleIJRS3_EESJ_IJEEEEESt17_Rb_tree_iteratorIS8_ESt23_Rb_tree_const_iteratorIS8_EDpOT_
                0x080015c8       0xbc ./Core/Src/main.o
                0x080015c8                std::_Rb_tree_iterator<std::pair<ADC_TypeDef* const, DeviceTypeADC<1>::StateSwitcher*> > std::_Rb_tree<ADC_TypeDef*, std::pair<ADC_TypeDef* const, DeviceTypeADC<1>::StateSwitcher*>, std::_Select1st<std::pair<ADC_TypeDef* const, DeviceTypeADC<1>::StateSwitcher*> >, std::less<ADC_TypeDef*>, std::allocator<std::pair<ADC_TypeDef* const, DeviceTypeADC<1>::StateSwitcher*> > >::_M_emplace_hint_unique<std::piecewise_construct_t const&, std::tuple<ADC_TypeDef* const&>, std::tuple<> >(std::_Rb_tree_const_iterator<std::pair<ADC_TypeDef* const, DeviceTypeADC<1>::StateSwitcher*> >, std::piecewise_construct_t const&, std::tuple<ADC_TypeDef* const&>&&, std::tuple<>&&)
 .text._ZNSt3mapIP11ADC_TypeDefPN13DeviceTypeADCILi1EE13StateSwitcherESt4lessIS1_ESaISt4pairIKS1_S5_EEEixERS9_
                0x08001684       0x48 ./Core/Src/main.o
                0x08001684                std::map<ADC_TypeDef*, DeviceTypeADC<1>::StateSwitcher*, std::less<ADC_TypeDef*>, std::allocator<std::pair<ADC_TypeDef* const, DeviceTypeADC<1>::StateSwitcher*> > >::operator[](ADC_TypeDef* const&)
 .text.HAL_ADC_ConvCpltCallback
                0x080016cc       0x40 ./Core/Src/main.o
                0x080016cc                HAL_ADC_ConvCpltCallback
 .text.startup._GLOBAL__sub_I_hadc1
                0x0800170c      0x318 ./Core/Src/main.o
 .text.exit._GLOBAL__sub_D_hadc1
                0x08001a24       0xd0 ./Core/Src/main.o
 .text.HAL_MspInit
                0x08001af4       0x54 ./Core/Src/stm32h7xx_hal_msp.o
                0x08001af4                HAL_MspInit
 .text.HAL_ADC_MspInit
                0x08001b48      0x148 ./Core/Src/stm32h7xx_hal_msp.o
                0x08001b48                HAL_ADC_MspInit
 .text.HAL_DAC_MspInit
                0x08001c90       0x7c ./Core/Src/stm32h7xx_hal_msp.o
                0x08001c90                HAL_DAC_MspInit
 .text.HAL_FDCAN_MspInit
                0x08001d0c       0x70 ./Core/Src/stm32h7xx_hal_msp.o
                0x08001d0c                HAL_FDCAN_MspInit
 .text.HAL_OSPI_MspInit
                0x08001d7c      0x160 ./Core/Src/stm32h7xx_hal_msp.o
                0x08001d7c                HAL_OSPI_MspInit
 .text.HAL_SPI_MspInit
                0x08001edc      0x110 ./Core/Src/stm32h7xx_hal_msp.o
                0x08001edc                HAL_SPI_MspInit
 .text.HAL_TIM_Base_MspInit
                0x08001fec       0x7c ./Core/Src/stm32h7xx_hal_msp.o
                0x08001fec                HAL_TIM_Base_MspInit
 .text.HAL_TIM_PWM_MspInit
                0x08002068       0x58 ./Core/Src/stm32h7xx_hal_msp.o
                0x08002068                HAL_TIM_PWM_MspInit
 .text.HAL_TIM_MspPostInit
                0x080020c0       0xc0 ./Core/Src/stm32h7xx_hal_msp.o
                0x080020c0                HAL_TIM_MspPostInit
 .text.HAL_UART_MspInit
                0x08002180      0x120 ./Core/Src/stm32h7xx_hal_msp.o
                0x08002180                HAL_UART_MspInit
 .text.HAL_InitTick
                0x080022a0       0x98 ./Core/Src/stm32h7xx_hal_timebase_tim.o
                0x080022a0                HAL_InitTick
 .text.NMI_Handler
                0x08002338        0x2 ./Core/Src/stm32h7xx_it.o
                0x08002338                NMI_Handler
 .text.HardFault_Handler
                0x0800233a        0x2 ./Core/Src/stm32h7xx_it.o
                0x0800233a                HardFault_Handler
 .text.MemManage_Handler
                0x0800233c        0x2 ./Core/Src/stm32h7xx_it.o
                0x0800233c                MemManage_Handler
 .text.BusFault_Handler
                0x0800233e        0x2 ./Core/Src/stm32h7xx_it.o
                0x0800233e                BusFault_Handler
 .text.UsageFault_Handler
                0x08002340        0x2 ./Core/Src/stm32h7xx_it.o
                0x08002340                UsageFault_Handler
 .text.DebugMon_Handler
                0x08002342        0x2 ./Core/Src/stm32h7xx_it.o
                0x08002342                DebugMon_Handler
 .text.DMA1_Stream0_IRQHandler
                0x08002344        0xc ./Core/Src/stm32h7xx_it.o
                0x08002344                DMA1_Stream0_IRQHandler
 .text.DMA1_Stream1_IRQHandler
                0x08002350        0xc ./Core/Src/stm32h7xx_it.o
                0x08002350                DMA1_Stream1_IRQHandler
 .text.ADC_IRQHandler
                0x0800235c       0x1c ./Core/Src/stm32h7xx_it.o
                0x0800235c                ADC_IRQHandler
 .text.TIM1_UP_IRQHandler
                0x08002378        0xc ./Core/Src/stm32h7xx_it.o
                0x08002378                TIM1_UP_IRQHandler
 .text.SPI2_IRQHandler
                0x08002384        0xc ./Core/Src/stm32h7xx_it.o
                0x08002384                SPI2_IRQHandler
 .text.USART2_IRQHandler
                0x08002390        0xc ./Core/Src/stm32h7xx_it.o
                0x08002390                USART2_IRQHandler
 .text.TIM5_IRQHandler
                0x0800239c        0xc ./Core/Src/stm32h7xx_it.o
                0x0800239c                TIM5_IRQHandler
 .text.TIM6_DAC_IRQHandler
                0x080023a8       0x1c ./Core/Src/stm32h7xx_it.o
                0x080023a8                TIM6_DAC_IRQHandler
 .text.USART6_IRQHandler
                0x080023c4        0xc ./Core/Src/stm32h7xx_it.o
                0x080023c4                USART6_IRQHandler
 .text._getpid  0x080023d0        0x4 ./Core/Src/syscalls.o
                0x080023d0                _getpid
 .text._kill    0x080023d4       0x10 ./Core/Src/syscalls.o
                0x080023d4                _kill
 .text._exit    0x080023e4        0xc ./Core/Src/syscalls.o
                0x080023e4                _exit
 .text._sbrk    0x080023f0       0x40 ./Core/Src/sysmem.o
                0x080023f0                _sbrk
 .text.SystemInit
                0x08002430       0xa4 ./Core/Src/system_stm32h7xx.o
                0x08002430                SystemInit
 .text.Reset_Handler
                0x080024d4       0x50 ./Core/Startup/startup_stm32h723vgtx.o
                0x080024d4                Reset_Handler
 .text.Default_Handler
                0x08002524        0x2 ./Core/Startup/startup_stm32h723vgtx.o
                0x08002524                RTC_Alarm_IRQHandler
                0x08002524                EXTI2_IRQHandler
                0x08002524                TIM8_CC_IRQHandler
                0x08002524                UART8_IRQHandler
                0x08002524                SPI4_IRQHandler
                0x08002524                FDCAN3_IT0_IRQHandler
                0x08002524                TIM1_CC_IRQHandler
                0x08002524                BDMA_Channel6_IRQHandler
                0x08002524                DMA2_Stream5_IRQHandler
                0x08002524                DMA1_Stream5_IRQHandler
                0x08002524                CORDIC_IRQHandler
                0x08002524                BDMA_Channel1_IRQHandler
                0x08002524                TAMP_STAMP_IRQHandler
                0x08002524                EXTI3_IRQHandler
                0x08002524                LPTIM4_IRQHandler
                0x08002524                TIM8_TRG_COM_TIM14_IRQHandler
                0x08002524                LPTIM2_IRQHandler
                0x08002524                DFSDM1_FLT1_IRQHandler
                0x08002524                DMAMUX2_OVR_IRQHandler
                0x08002524                TIM8_UP_TIM13_IRQHandler
                0x08002524                I2C3_ER_IRQHandler
                0x08002524                DFSDM1_FLT2_IRQHandler
                0x08002524                I2C5_EV_IRQHandler
                0x08002524                USART10_IRQHandler
                0x08002524                MDMA_IRQHandler
                0x08002524                LPTIM3_IRQHandler
                0x08002524                HSEM1_IRQHandler
                0x08002524                EXTI0_IRQHandler
                0x08002524                I2C2_EV_IRQHandler
                0x08002524                DMA1_Stream2_IRQHandler
                0x08002524                FPU_IRQHandler
                0x08002524                OTG_HS_WKUP_IRQHandler
                0x08002524                FDCAN1_IT1_IRQHandler
                0x08002524                LTDC_ER_IRQHandler
                0x08002524                DMA2_Stream2_IRQHandler
                0x08002524                SPI1_IRQHandler
                0x08002524                OCTOSPI1_IRQHandler
                0x08002524                DMA2_Stream3_IRQHandler
                0x08002524                OCTOSPI2_IRQHandler
                0x08002524                DFSDM1_FLT3_IRQHandler
                0x08002524                TIM23_IRQHandler
                0x08002524                TIM17_IRQHandler
                0x08002524                USART3_IRQHandler
                0x08002524                BDMA_Channel7_IRQHandler
                0x08002524                LPTIM5_IRQHandler
                0x08002524                UART5_IRQHandler
                0x08002524                ADC3_IRQHandler
                0x08002524                DMA2_Stream0_IRQHandler
                0x08002524                TIM4_IRQHandler
                0x08002524                BDMA_Channel2_IRQHandler
                0x08002524                I2C1_EV_IRQHandler
                0x08002524                DMA1_Stream6_IRQHandler
                0x08002524                DMAMUX1_OVR_IRQHandler
                0x08002524                TIM16_IRQHandler
                0x08002524                UART4_IRQHandler
                0x08002524                BDMA_Channel5_IRQHandler
                0x08002524                TIM3_IRQHandler
                0x08002524                RCC_IRQHandler
                0x08002524                UART9_IRQHandler
                0x08002524                TIM8_BRK_TIM12_IRQHandler
                0x08002524                TIM1_TRG_COM_IRQHandler
                0x08002524                Default_Handler
                0x08002524                ECC_IRQHandler
                0x08002524                FMAC_IRQHandler
                0x08002524                CEC_IRQHandler
                0x08002524                EXTI15_10_IRQHandler
                0x08002524                BDMA_Channel0_IRQHandler
                0x08002524                I2C5_ER_IRQHandler
                0x08002524                DMA1_Stream7_IRQHandler
                0x08002524                SPI5_IRQHandler
                0x08002524                TIM7_IRQHandler
                0x08002524                FDCAN3_IT1_IRQHandler
                0x08002524                SDMMC1_IRQHandler
                0x08002524                DMA2_Stream7_IRQHandler
                0x08002524                TIM15_IRQHandler
                0x08002524                PVD_AVD_IRQHandler
                0x08002524                I2C3_EV_IRQHandler
                0x08002524                EXTI9_5_IRQHandler
                0x08002524                RTC_WKUP_IRQHandler
                0x08002524                LTDC_IRQHandler
                0x08002524                ETH_WKUP_IRQHandler
                0x08002524                SPDIF_RX_IRQHandler
                0x08002524                OTG_HS_EP1_IN_IRQHandler
                0x08002524                TIM24_IRQHandler
                0x08002524                CRS_IRQHandler
                0x08002524                EXTI4_IRQHandler
                0x08002524                RNG_IRQHandler
                0x08002524                FDCAN2_IT1_IRQHandler
                0x08002524                ETH_IRQHandler
                0x08002524                BDMA_Channel4_IRQHandler
                0x08002524                OTG_HS_EP1_OUT_IRQHandler
                0x08002524                WWDG_IRQHandler
                0x08002524                SPI6_IRQHandler
                0x08002524                MDIOS_IRQHandler
                0x08002524                I2C4_EV_IRQHandler
                0x08002524                FDCAN2_IT0_IRQHandler
                0x08002524                LPUART1_IRQHandler
                0x08002524                FDCAN1_IT0_IRQHandler
                0x08002524                TIM2_IRQHandler
                0x08002524                OTG_HS_IRQHandler
                0x08002524                DMA2D_IRQHandler
                0x08002524                TIM1_BRK_IRQHandler
                0x08002524                EXTI1_IRQHandler
                0x08002524                SDMMC2_IRQHandler
                0x08002524                BDMA_Channel3_IRQHandler
                0x08002524                DTS_IRQHandler
                0x08002524                UART7_IRQHandler
                0x08002524                MDIOS_WKUP_IRQHandler
                0x08002524                DFSDM1_FLT0_IRQHandler
                0x08002524                SAI4_IRQHandler
                0x08002524                I2C2_ER_IRQHandler
                0x08002524                DMA2_Stream1_IRQHandler
                0x08002524                FLASH_IRQHandler
                0x08002524                DMA2_Stream4_IRQHandler
                0x08002524                USART1_IRQHandler
                0x08002524                SPI3_IRQHandler
                0x08002524                WAKEUP_PIN_IRQHandler
                0x08002524                DMA1_Stream4_IRQHandler
                0x08002524                I2C1_ER_IRQHandler
                0x08002524                FMC_IRQHandler
                0x08002524                FDCAN_CAL_IRQHandler
                0x08002524                SWPMI1_IRQHandler
                0x08002524                COMP1_IRQHandler
                0x08002524                LPTIM1_IRQHandler
                0x08002524                DCMI_PSSI_IRQHandler
                0x08002524                I2C4_ER_IRQHandler
                0x08002524                DMA2_Stream6_IRQHandler
                0x08002524                SAI1_IRQHandler
                0x08002524                DMA1_Stream3_IRQHandler
 *fill*         0x08002526        0x2 
 .text.HAL_Init
                0x08002528       0x5c ./Drivers/STM32H7xx_HAL_Driver/Src/stm32h7xx_hal.o
                0x08002528                HAL_Init
 .text.HAL_IncTick
                0x08002584       0x18 ./Drivers/STM32H7xx_HAL_Driver/Src/stm32h7xx_hal.o
                0x08002584                HAL_IncTick
 .text.HAL_GetTick
                0x0800259c        0xc ./Drivers/STM32H7xx_HAL_Driver/Src/stm32h7xx_hal.o
                0x0800259c                HAL_GetTick
 .text.HAL_Delay
                0x080025a8       0x24 ./Drivers/STM32H7xx_HAL_Driver/Src/stm32h7xx_hal.o
                0x080025a8                HAL_Delay
 .text.HAL_SYSCFG_VREFBUF_HighImpedanceConfig
                0x080025cc       0x14 ./Drivers/STM32H7xx_HAL_Driver/Src/stm32h7xx_hal.o
                0x080025cc                HAL_SYSCFG_VREFBUF_HighImpedanceConfig
 .text.HAL_SYSCFG_DisableVREFBUF
                0x080025e0       0x10 ./Drivers/STM32H7xx_HAL_Driver/Src/stm32h7xx_hal.o
                0x080025e0                HAL_SYSCFG_DisableVREFBUF
 .text.LL_ADC_IsEnabled
                0x080025f0        0x8 ./Drivers/STM32H7xx_HAL_Driver/Src/stm32h7xx_hal_adc.o
 .text.LL_ADC_REG_IsConversionOngoing
                0x080025f8        0x8 ./Drivers/STM32H7xx_HAL_Driver/Src/stm32h7xx_hal_adc.o
 .text.HAL_ADC_PollForConversion
                0x08002600      0x118 ./Drivers/STM32H7xx_HAL_Driver/Src/stm32h7xx_hal_adc.o
                0x08002600                HAL_ADC_PollForConversion
 .text.HAL_ADC_GetValue
                0x08002718        0x6 ./Drivers/STM32H7xx_HAL_Driver/Src/stm32h7xx_hal_adc.o
                0x08002718                HAL_ADC_GetValue
 .text.HAL_ADC_LevelOutOfWindowCallback
                0x0800271e        0x2 ./Drivers/STM32H7xx_HAL_Driver/Src/stm32h7xx_hal_adc.o
                0x0800271e                HAL_ADC_LevelOutOfWindowCallback
 .text.HAL_ADC_ErrorCallback
                0x08002720        0x2 ./Drivers/STM32H7xx_HAL_Driver/Src/stm32h7xx_hal_adc.o
                0x08002720                HAL_ADC_ErrorCallback
 *fill*         0x08002722        0x2 
 .text.HAL_ADC_IRQHandler
                0x08002724      0x274 ./Drivers/STM32H7xx_HAL_Driver/Src/stm32h7xx_hal_adc.o
                0x08002724                HAL_ADC_IRQHandler
 .text.HAL_ADC_ConfigChannel
                0x08002998      0x5a4 ./Drivers/STM32H7xx_HAL_Driver/Src/stm32h7xx_hal_adc.o
                0x08002998                HAL_ADC_ConfigChannel
 .text.ADC_Enable
                0x08002f3c       0xac ./Drivers/STM32H7xx_HAL_Driver/Src/stm32h7xx_hal_adc.o
                0x08002f3c                ADC_Enable
 .text.HAL_ADC_Start
                0x08002fe8       0xfc ./Drivers/STM32H7xx_HAL_Driver/Src/stm32h7xx_hal_adc.o
                0x08002fe8                HAL_ADC_Start
 .text.ADC_ConfigureBoostMode
                0x080030e4      0x108 ./Drivers/STM32H7xx_HAL_Driver/Src/stm32h7xx_hal_adc.o
                0x080030e4                ADC_ConfigureBoostMode
 .text.HAL_ADC_Init
                0x080031ec      0x274 ./Drivers/STM32H7xx_HAL_Driver/Src/stm32h7xx_hal_adc.o
                0x080031ec                HAL_ADC_Init
 .text.LL_ADC_IsEnabled
                0x08003460        0x8 ./Drivers/STM32H7xx_HAL_Driver/Src/stm32h7xx_hal_adc_ex.o
 .text.LL_ADC_REG_IsConversionOngoing
                0x08003468        0x8 ./Drivers/STM32H7xx_HAL_Driver/Src/stm32h7xx_hal_adc_ex.o
 .text.HAL_ADCEx_InjectedConvCpltCallback
                0x08003470        0x2 ./Drivers/STM32H7xx_HAL_Driver/Src/stm32h7xx_hal_adc_ex.o
                0x08003470                HAL_ADCEx_InjectedConvCpltCallback
 .text.HAL_ADCEx_InjectedQueueOverflowCallback
                0x08003472        0x2 ./Drivers/STM32H7xx_HAL_Driver/Src/stm32h7xx_hal_adc_ex.o
                0x08003472                HAL_ADCEx_InjectedQueueOverflowCallback
 .text.HAL_ADCEx_LevelOutOfWindow2Callback
                0x08003474        0x2 ./Drivers/STM32H7xx_HAL_Driver/Src/stm32h7xx_hal_adc_ex.o
                0x08003474                HAL_ADCEx_LevelOutOfWindow2Callback
 .text.HAL_ADCEx_LevelOutOfWindow3Callback
                0x08003476        0x2 ./Drivers/STM32H7xx_HAL_Driver/Src/stm32h7xx_hal_adc_ex.o
                0x08003476                HAL_ADCEx_LevelOutOfWindow3Callback
 .text.HAL_ADCEx_EndOfSamplingCallback
                0x08003478        0x2 ./Drivers/STM32H7xx_HAL_Driver/Src/stm32h7xx_hal_adc_ex.o
                0x08003478                HAL_ADCEx_EndOfSamplingCallback
 *fill*         0x0800347a        0x2 
 .text.HAL_ADCEx_MultiModeConfigChannel
                0x0800347c       0xcc ./Drivers/STM32H7xx_HAL_Driver/Src/stm32h7xx_hal_adc_ex.o
                0x0800347c                HAL_ADCEx_MultiModeConfigChannel
 .text.HAL_NVIC_SetPriorityGrouping
                0x08003548       0x24 ./Drivers/STM32H7xx_HAL_Driver/Src/stm32h7xx_hal_cortex.o
                0x08003548                HAL_NVIC_SetPriorityGrouping
 .text.HAL_NVIC_SetPriority
                0x0800356c       0x64 ./Drivers/STM32H7xx_HAL_Driver/Src/stm32h7xx_hal_cortex.o
                0x0800356c                HAL_NVIC_SetPriority
 .text.HAL_NVIC_EnableIRQ
                0x080035d0       0x1c ./Drivers/STM32H7xx_HAL_Driver/Src/stm32h7xx_hal_cortex.o
                0x080035d0                HAL_NVIC_EnableIRQ
 .text.HAL_MPU_Disable
                0x080035ec       0x1c ./Drivers/STM32H7xx_HAL_Driver/Src/stm32h7xx_hal_cortex.o
                0x080035ec                HAL_MPU_Disable
 .text.HAL_MPU_Enable
                0x08003608       0x20 ./Drivers/STM32H7xx_HAL_Driver/Src/stm32h7xx_hal_cortex.o
                0x08003608                HAL_MPU_Enable
 .text.HAL_MPU_ConfigRegion
                0x08003628       0x58 ./Drivers/STM32H7xx_HAL_Driver/Src/stm32h7xx_hal_cortex.o
                0x08003628                HAL_MPU_ConfigRegion
 .text.HAL_DAC_Init
                0x08003680       0x26 ./Drivers/STM32H7xx_HAL_Driver/Src/stm32h7xx_hal_dac.o
                0x08003680                HAL_DAC_Init
 .text.HAL_DAC_SetValue
                0x080036a6       0x2a ./Drivers/STM32H7xx_HAL_Driver/Src/stm32h7xx_hal_dac.o
                0x080036a6                HAL_DAC_SetValue
 .text.HAL_DAC_DMAUnderrunCallbackCh1
                0x080036d0        0x2 ./Drivers/STM32H7xx_HAL_Driver/Src/stm32h7xx_hal_dac.o
                0x080036d0                HAL_DAC_DMAUnderrunCallbackCh1
 .text.HAL_DAC_IRQHandler
                0x080036d2       0x60 ./Drivers/STM32H7xx_HAL_Driver/Src/stm32h7xx_hal_dac.o
                0x080036d2                HAL_DAC_IRQHandler
 *fill*         0x08003732        0x2 
 .text.HAL_DAC_ConfigChannel
                0x08003734      0x148 ./Drivers/STM32H7xx_HAL_Driver/Src/stm32h7xx_hal_dac.o
                0x08003734                HAL_DAC_ConfigChannel
 .text.HAL_DACEx_DMAUnderrunCallbackCh2
                0x0800387c        0x2 ./Drivers/STM32H7xx_HAL_Driver/Src/stm32h7xx_hal_dac_ex.o
                0x0800387c                HAL_DACEx_DMAUnderrunCallbackCh2
 *fill*         0x0800387e        0x2 
 .text.DMA_CalcBaseAndBitshift
                0x08003880       0x9c ./Drivers/STM32H7xx_HAL_Driver/Src/stm32h7xx_hal_dma.o
 .text.DMA_CalcDMAMUXChannelBaseAndMask
                0x0800391c       0x94 ./Drivers/STM32H7xx_HAL_Driver/Src/stm32h7xx_hal_dma.o
 .text.DMA_CalcDMAMUXRequestGenBaseAndMask
                0x080039b0       0x70 ./Drivers/STM32H7xx_HAL_Driver/Src/stm32h7xx_hal_dma.o
 .text.HAL_DMA_Init
                0x08003a20      0x328 ./Drivers/STM32H7xx_HAL_Driver/Src/stm32h7xx_hal_dma.o
                0x08003a20                HAL_DMA_Init
 .text.HAL_DMA_Abort
                0x08003d48      0x228 ./Drivers/STM32H7xx_HAL_Driver/Src/stm32h7xx_hal_dma.o
                0x08003d48                HAL_DMA_Abort
 .text.HAL_DMA_Abort_IT
                0x08003f70      0x120 ./Drivers/STM32H7xx_HAL_Driver/Src/stm32h7xx_hal_dma.o
                0x08003f70                HAL_DMA_Abort_IT
 .text.HAL_DMA_IRQHandler
                0x08004090      0x3a0 ./Drivers/STM32H7xx_HAL_Driver/Src/stm32h7xx_hal_dma.o
                0x08004090                HAL_DMA_IRQHandler
 .text.HAL_FDCAN_Init
                0x08004430      0x3d4 ./Drivers/STM32H7xx_HAL_Driver/Src/stm32h7xx_hal_fdcan.o
                0x08004430                HAL_FDCAN_Init
 .text.HAL_GPIO_Init
                0x08004804      0x1c4 ./Drivers/STM32H7xx_HAL_Driver/Src/stm32h7xx_hal_gpio.o
                0x08004804                HAL_GPIO_Init
 .text.HAL_GPIO_WritePin
                0x080049c8        0xa ./Drivers/STM32H7xx_HAL_Driver/Src/stm32h7xx_hal_gpio.o
                0x080049c8                HAL_GPIO_WritePin
 .text.OSPI_WaitFlagStateUntilTimeout
                0x080049d2       0x50 ./Drivers/STM32H7xx_HAL_Driver/Src/stm32h7xx_hal_ospi.o
 *fill*         0x08004a22        0x2 
 .text.HAL_OSPI_Init
                0x08004a24       0xe8 ./Drivers/STM32H7xx_HAL_Driver/Src/stm32h7xx_hal_ospi.o
                0x08004a24                HAL_OSPI_Init
 .text.HAL_OSPIM_Config
                0x08004b0c      0x4dc ./Drivers/STM32H7xx_HAL_Driver/Src/stm32h7xx_hal_ospi.o
                0x08004b0c                HAL_OSPIM_Config
 .text.HAL_PWREx_ConfigSupply
                0x08004fe8       0x48 ./Drivers/STM32H7xx_HAL_Driver/Src/stm32h7xx_hal_pwr_ex.o
                0x08004fe8                HAL_PWREx_ConfigSupply
 .text.HAL_RCC_OscConfig
                0x08005030      0x4ec ./Drivers/STM32H7xx_HAL_Driver/Src/stm32h7xx_hal_rcc.o
                0x08005030                HAL_RCC_OscConfig
 .text.HAL_RCC_GetSysClockFreq
                0x0800551c      0x144 ./Drivers/STM32H7xx_HAL_Driver/Src/stm32h7xx_hal_rcc.o
                0x0800551c                HAL_RCC_GetSysClockFreq
 .text.HAL_RCC_ClockConfig
                0x08005660      0x24c ./Drivers/STM32H7xx_HAL_Driver/Src/stm32h7xx_hal_rcc.o
                0x08005660                HAL_RCC_ClockConfig
 .text.HAL_RCC_GetHCLKFreq
                0x080058ac       0x44 ./Drivers/STM32H7xx_HAL_Driver/Src/stm32h7xx_hal_rcc.o
                0x080058ac                HAL_RCC_GetHCLKFreq
 .text.HAL_RCC_GetPCLK1Freq
                0x080058f0       0x24 ./Drivers/STM32H7xx_HAL_Driver/Src/stm32h7xx_hal_rcc.o
                0x080058f0                HAL_RCC_GetPCLK1Freq
 .text.HAL_RCC_GetPCLK2Freq
                0x08005914       0x24 ./Drivers/STM32H7xx_HAL_Driver/Src/stm32h7xx_hal_rcc.o
                0x08005914                HAL_RCC_GetPCLK2Freq
 .text.HAL_RCC_GetClockConfig
                0x08005938       0x54 ./Drivers/STM32H7xx_HAL_Driver/Src/stm32h7xx_hal_rcc.o
                0x08005938                HAL_RCC_GetClockConfig
 .text.RCCEx_PLL2_Config
                0x0800598c       0xec ./Drivers/STM32H7xx_HAL_Driver/Src/stm32h7xx_hal_rcc_ex.o
 .text.RCCEx_PLL3_Config
                0x08005a78       0xec ./Drivers/STM32H7xx_HAL_Driver/Src/stm32h7xx_hal_rcc_ex.o
 .text.HAL_RCCEx_PeriphCLKConfig
                0x08005b64      0x954 ./Drivers/STM32H7xx_HAL_Driver/Src/stm32h7xx_hal_rcc_ex.o
                0x08005b64                HAL_RCCEx_PeriphCLKConfig
 .text.HAL_RCCEx_GetD3PCLK1Freq
                0x080064b8       0x24 ./Drivers/STM32H7xx_HAL_Driver/Src/stm32h7xx_hal_rcc_ex.o
                0x080064b8                HAL_RCCEx_GetD3PCLK1Freq
 .text.HAL_RCCEx_GetPLL2ClockFreq
                0x080064dc      0x154 ./Drivers/STM32H7xx_HAL_Driver/Src/stm32h7xx_hal_rcc_ex.o
                0x080064dc                HAL_RCCEx_GetPLL2ClockFreq
 .text.HAL_RCCEx_GetPLL3ClockFreq
                0x08006630      0x154 ./Drivers/STM32H7xx_HAL_Driver/Src/stm32h7xx_hal_rcc_ex.o
                0x08006630                HAL_RCCEx_GetPLL3ClockFreq
 .text.HAL_RCCEx_GetPLL1ClockFreq
                0x08006784      0x154 ./Drivers/STM32H7xx_HAL_Driver/Src/stm32h7xx_hal_rcc_ex.o
                0x08006784                HAL_RCCEx_GetPLL1ClockFreq
 .text.HAL_RCCEx_GetPeriphCLKFreq
                0x080068d8      0x2a0 ./Drivers/STM32H7xx_HAL_Driver/Src/stm32h7xx_hal_rcc_ex.o
                0x080068d8                HAL_RCCEx_GetPeriphCLKFreq
 .text.SPI_TxISR_16BIT
                0x08006b78       0x2a ./Drivers/STM32H7xx_HAL_Driver/Src/stm32h7xx_hal_spi.o
 .text.SPI_TxISR_32BIT
                0x08006ba2       0x2a ./Drivers/STM32H7xx_HAL_Driver/Src/stm32h7xx_hal_spi.o
 .text.SPI_CloseTransfer
                0x08006bcc       0xac ./Drivers/STM32H7xx_HAL_Driver/Src/stm32h7xx_hal_spi.o
 .text.SPI_TxISR_8BIT
                0x08006c78       0x30 ./Drivers/STM32H7xx_HAL_Driver/Src/stm32h7xx_hal_spi.o
 .text.HAL_SPI_Init
                0x08006ca8      0x148 ./Drivers/STM32H7xx_HAL_Driver/Src/stm32h7xx_hal_spi.o
                0x08006ca8                HAL_SPI_Init
 .text.HAL_SPI_Transmit_IT
                0x08006df0       0xc4 ./Drivers/STM32H7xx_HAL_Driver/Src/stm32h7xx_hal_spi.o
                0x08006df0                HAL_SPI_Transmit_IT
 .text.HAL_SPI_RxCpltCallback
                0x08006eb4        0x2 ./Drivers/STM32H7xx_HAL_Driver/Src/stm32h7xx_hal_spi.o
                0x08006eb4                HAL_SPI_RxCpltCallback
 .text.HAL_SPI_TxRxCpltCallback
                0x08006eb6        0x2 ./Drivers/STM32H7xx_HAL_Driver/Src/stm32h7xx_hal_spi.o
                0x08006eb6                HAL_SPI_TxRxCpltCallback
 .text.HAL_SPI_ErrorCallback
                0x08006eb8        0x2 ./Drivers/STM32H7xx_HAL_Driver/Src/stm32h7xx_hal_spi.o
                0x08006eb8                HAL_SPI_ErrorCallback
 .text.SPI_DMAAbortOnError
                0x08006eba       0x1a ./Drivers/STM32H7xx_HAL_Driver/Src/stm32h7xx_hal_spi.o
 .text.HAL_SPI_SuspendCallback
                0x08006ed4        0x2 ./Drivers/STM32H7xx_HAL_Driver/Src/stm32h7xx_hal_spi.o
                0x08006ed4                HAL_SPI_SuspendCallback
 *fill*         0x08006ed6        0x2 
 .text.HAL_SPI_IRQHandler
                0x08006ed8      0x208 ./Drivers/STM32H7xx_HAL_Driver/Src/stm32h7xx_hal_spi.o
                0x08006ed8                HAL_SPI_IRQHandler
 .text.TIM_OC1_SetConfig
                0x080070e0       0x74 ./Drivers/STM32H7xx_HAL_Driver/Src/stm32h7xx_hal_tim.o
 .text.TIM_OC3_SetConfig
                0x08007154       0x80 ./Drivers/STM32H7xx_HAL_Driver/Src/stm32h7xx_hal_tim.o
 .text.TIM_OC4_SetConfig
                0x080071d4       0x68 ./Drivers/STM32H7xx_HAL_Driver/Src/stm32h7xx_hal_tim.o
 .text.TIM_OC5_SetConfig
                0x0800723c       0x68 ./Drivers/STM32H7xx_HAL_Driver/Src/stm32h7xx_hal_tim.o
 .text.TIM_OC6_SetConfig
                0x080072a4       0x68 ./Drivers/STM32H7xx_HAL_Driver/Src/stm32h7xx_hal_tim.o
 .text.HAL_TIM_Base_Start_IT
                0x0800730c       0x8c ./Drivers/STM32H7xx_HAL_Driver/Src/stm32h7xx_hal_tim.o
                0x0800730c                HAL_TIM_Base_Start_IT
 .text.HAL_TIM_OC_DelayElapsedCallback
                0x08007398        0x2 ./Drivers/STM32H7xx_HAL_Driver/Src/stm32h7xx_hal_tim.o
                0x08007398                HAL_TIM_OC_DelayElapsedCallback
 .text.HAL_TIM_IC_CaptureCallback
                0x0800739a        0x2 ./Drivers/STM32H7xx_HAL_Driver/Src/stm32h7xx_hal_tim.o
                0x0800739a                HAL_TIM_IC_CaptureCallback
 .text.HAL_TIM_PWM_PulseFinishedCallback
                0x0800739c        0x2 ./Drivers/STM32H7xx_HAL_Driver/Src/stm32h7xx_hal_tim.o
                0x0800739c                HAL_TIM_PWM_PulseFinishedCallback
 .text.HAL_TIM_TriggerCallback
                0x0800739e        0x2 ./Drivers/STM32H7xx_HAL_Driver/Src/stm32h7xx_hal_tim.o
                0x0800739e                HAL_TIM_TriggerCallback
 .text.HAL_TIM_IRQHandler
                0x080073a0      0x140 ./Drivers/STM32H7xx_HAL_Driver/Src/stm32h7xx_hal_tim.o
                0x080073a0                HAL_TIM_IRQHandler
 .text.TIM_Base_SetConfig
                0x080074e0       0xb8 ./Drivers/STM32H7xx_HAL_Driver/Src/stm32h7xx_hal_tim.o
                0x080074e0                TIM_Base_SetConfig
 .text.HAL_TIM_Base_Init
                0x08007598       0x60 ./Drivers/STM32H7xx_HAL_Driver/Src/stm32h7xx_hal_tim.o
                0x08007598                HAL_TIM_Base_Init
 .text.HAL_TIM_PWM_Init
                0x080075f8       0x60 ./Drivers/STM32H7xx_HAL_Driver/Src/stm32h7xx_hal_tim.o
                0x080075f8                HAL_TIM_PWM_Init
 .text.TIM_OC2_SetConfig
                0x08007658       0x80 ./Drivers/STM32H7xx_HAL_Driver/Src/stm32h7xx_hal_tim.o
                0x08007658                TIM_OC2_SetConfig
 .text.HAL_TIM_PWM_ConfigChannel
                0x080076d8       0xf8 ./Drivers/STM32H7xx_HAL_Driver/Src/stm32h7xx_hal_tim.o
                0x080076d8                HAL_TIM_PWM_ConfigChannel
 .text.TIM_ETR_SetConfig
                0x080077d0       0x14 ./Drivers/STM32H7xx_HAL_Driver/Src/stm32h7xx_hal_tim.o
                0x080077d0                TIM_ETR_SetConfig
 .text.TIM_SlaveTimer_SetConfig.constprop.0
                0x080077e4      0x120 ./Drivers/STM32H7xx_HAL_Driver/Src/stm32h7xx_hal_tim.o
 .text.HAL_TIM_SlaveConfigSynchro
                0x08007904       0x4e ./Drivers/STM32H7xx_HAL_Driver/Src/stm32h7xx_hal_tim.o
                0x08007904                HAL_TIM_SlaveConfigSynchro
 *fill*         0x08007952        0x2 
 .text.HAL_TIMEx_MasterConfigSynchronization
                0x08007954       0xa4 ./Drivers/STM32H7xx_HAL_Driver/Src/stm32h7xx_hal_tim_ex.o
                0x08007954                HAL_TIMEx_MasterConfigSynchronization
 .text.HAL_TIMEx_CommutCallback
                0x080079f8        0x2 ./Drivers/STM32H7xx_HAL_Driver/Src/stm32h7xx_hal_tim_ex.o
                0x080079f8                HAL_TIMEx_CommutCallback
 .text.HAL_TIMEx_BreakCallback
                0x080079fa        0x2 ./Drivers/STM32H7xx_HAL_Driver/Src/stm32h7xx_hal_tim_ex.o
                0x080079fa                HAL_TIMEx_BreakCallback
 .text.HAL_TIMEx_Break2Callback
                0x080079fc        0x2 ./Drivers/STM32H7xx_HAL_Driver/Src/stm32h7xx_hal_tim_ex.o
                0x080079fc                HAL_TIMEx_Break2Callback
 *fill*         0x080079fe        0x2 
 .text.UART_EndRxTransfer
                0x08007a00       0x58 ./Drivers/STM32H7xx_HAL_Driver/Src/stm32h7xx_hal_uart.o
 .text.UART_TxISR_8BIT.part.0
                0x08007a58       0x26 ./Drivers/STM32H7xx_HAL_Driver/Src/stm32h7xx_hal_uart.o
 .text.UART_TxISR_8BIT
                0x08007a7e       0x30 ./Drivers/STM32H7xx_HAL_Driver/Src/stm32h7xx_hal_uart.o
 .text.UART_TxISR_16BIT
                0x08007aae       0x34 ./Drivers/STM32H7xx_HAL_Driver/Src/stm32h7xx_hal_uart.o
 .text.UART_TxISR_8BIT_FIFOEN
                0x08007ae2       0x66 ./Drivers/STM32H7xx_HAL_Driver/Src/stm32h7xx_hal_uart.o
 .text.UART_TxISR_16BIT_FIFOEN
                0x08007b48       0x6a ./Drivers/STM32H7xx_HAL_Driver/Src/stm32h7xx_hal_uart.o
 *fill*         0x08007bb2        0x2 
 .text.HAL_UART_Transmit_IT
                0x08007bb4       0xac ./Drivers/STM32H7xx_HAL_Driver/Src/stm32h7xx_hal_uart.o
                0x08007bb4                HAL_UART_Transmit_IT
 .text.HAL_UART_TxCpltCallback
                0x08007c60        0x2 ./Drivers/STM32H7xx_HAL_Driver/Src/stm32h7xx_hal_uart.o
                0x08007c60                HAL_UART_TxCpltCallback
 .text.HAL_UART_ErrorCallback
                0x08007c62        0x2 ./Drivers/STM32H7xx_HAL_Driver/Src/stm32h7xx_hal_uart.o
                0x08007c62                HAL_UART_ErrorCallback
 .text.UART_DMAAbortOnError
                0x08007c64       0x10 ./Drivers/STM32H7xx_HAL_Driver/Src/stm32h7xx_hal_uart.o
 .text.HAL_UARTEx_RxEventCallback
                0x08007c74        0x2 ./Drivers/STM32H7xx_HAL_Driver/Src/stm32h7xx_hal_uart.o
                0x08007c74                HAL_UARTEx_RxEventCallback
 *fill*         0x08007c76        0x2 
 .text.HAL_UART_IRQHandler
                0x08007c78      0x354 ./Drivers/STM32H7xx_HAL_Driver/Src/stm32h7xx_hal_uart.o
                0x08007c78                HAL_UART_IRQHandler
 .text.UART_SetConfig
                0x08007fcc      0x314 ./Drivers/STM32H7xx_HAL_Driver/Src/stm32h7xx_hal_uart.o
                0x08007fcc                UART_SetConfig
 .text.UART_AdvFeatureConfig
                0x080082e0       0xaa ./Drivers/STM32H7xx_HAL_Driver/Src/stm32h7xx_hal_uart.o
                0x080082e0                UART_AdvFeatureConfig
 .text.UART_WaitOnFlagUntilTimeout
                0x0800838a       0x90 ./Drivers/STM32H7xx_HAL_Driver/Src/stm32h7xx_hal_uart.o
                0x0800838a                UART_WaitOnFlagUntilTimeout
 .text.UART_CheckIdleState
                0x0800841a       0xb6 ./Drivers/STM32H7xx_HAL_Driver/Src/stm32h7xx_hal_uart.o
                0x0800841a                UART_CheckIdleState
 .text.HAL_UART_Init
                0x080084d0       0x60 ./Drivers/STM32H7xx_HAL_Driver/Src/stm32h7xx_hal_uart.o
                0x080084d0                HAL_UART_Init
 .text.UARTEx_SetNbDataToProcess
                0x08008530       0x44 ./Drivers/STM32H7xx_HAL_Driver/Src/stm32h7xx_hal_uart_ex.o
 .text.HAL_UARTEx_WakeupCallback
                0x08008574        0x2 ./Drivers/STM32H7xx_HAL_Driver/Src/stm32h7xx_hal_uart_ex.o
                0x08008574                HAL_UARTEx_WakeupCallback
 .text.HAL_UARTEx_RxFifoFullCallback
                0x08008576        0x2 ./Drivers/STM32H7xx_HAL_Driver/Src/stm32h7xx_hal_uart_ex.o
                0x08008576                HAL_UARTEx_RxFifoFullCallback
 .text.HAL_UARTEx_TxFifoEmptyCallback
                0x08008578        0x2 ./Drivers/STM32H7xx_HAL_Driver/Src/stm32h7xx_hal_uart_ex.o
                0x08008578                HAL_UARTEx_TxFifoEmptyCallback
 .text.HAL_UARTEx_DisableFifoMode
                0x0800857a       0x36 ./Drivers/STM32H7xx_HAL_Driver/Src/stm32h7xx_hal_uart_ex.o
                0x0800857a                HAL_UARTEx_DisableFifoMode
 .text.HAL_UARTEx_SetTxFifoThreshold
                0x080085b0       0x40 ./Drivers/STM32H7xx_HAL_Driver/Src/stm32h7xx_hal_uart_ex.o
                0x080085b0                HAL_UARTEx_SetTxFifoThreshold
 .text.HAL_UARTEx_SetRxFifoThreshold
                0x080085f0       0x40 ./Drivers/STM32H7xx_HAL_Driver/Src/stm32h7xx_hal_uart_ex.o
                0x080085f0                HAL_UARTEx_SetRxFifoThreshold
 .text.SysTick_Handler
                0x08008630       0x1a ./Middlewares/Third_Party/FreeRTOS/Source/CMSIS_RTOS_V2/cmsis_os2.o
                0x08008630                SysTick_Handler
 .text.vListInsertEnd
                0x0800864a       0x16 ./Middlewares/Third_Party/FreeRTOS/Source/list.o
                0x0800864a                vListInsertEnd
 .text.uxListRemove
                0x08008660       0x20 ./Middlewares/Third_Party/FreeRTOS/Source/list.o
                0x08008660                uxListRemove
 .text.prvResetNextTaskUnblockTime
                0x08008680       0x24 ./Middlewares/Third_Party/FreeRTOS/Source/tasks.o
 .text.xTaskIncrementTick
                0x080086a4      0x12c ./Middlewares/Third_Party/FreeRTOS/Source/tasks.o
                0x080086a4                xTaskIncrementTick
 .text.vTaskSwitchContext
                0x080087d0       0x80 ./Middlewares/Third_Party/FreeRTOS/Source/tasks.o
                0x080087d0                vTaskSwitchContext
 .text.xTaskGetSchedulerState
                0x08008850       0x20 ./Middlewares/Third_Party/FreeRTOS/Source/tasks.o
                0x08008850                xTaskGetSchedulerState
 .text.SVC_Handler
                0x08008870       0x24 ./Middlewares/Third_Party/FreeRTOS/Source/portable/GCC/ARM_CM4F/port.o
                0x08008870                SVC_Handler
 *fill*         0x08008894        0xc 
 .text.PendSV_Handler
                0x080088a0       0x64 ./Middlewares/Third_Party/FreeRTOS/Source/portable/GCC/ARM_CM4F/port.o
                0x080088a0                PendSV_Handler
 .text.xPortSysTickHandler
                0x08008904       0x2c ./Middlewares/Third_Party/FreeRTOS/Source/portable/GCC/ARM_CM4F/port.o
                0x08008904                xPortSysTickHandler
 .text._ZdlPvj  0x08008930        0x4 C:/ST/STM32CubeIDE_1.16.1/STM32CubeIDE/plugins/com.st.stm32cube.ide.mcu.externaltools.gnu-tools-for-stm32.13.3.rel1.win32_1.0.0.202411081344/tools/bin/../lib/gcc/arm-none-eabi/13.3.1/../../../../arm-none-eabi/lib/thumb/v7e-m+dp/hard\libstdc++_nano.a(del_ops.o)
                0x08008930                operator delete(void*, unsigned int)
 .text._Znwj    0x08008934       0x22 C:/ST/STM32CubeIDE_1.16.1/STM32CubeIDE/plugins/com.st.stm32cube.ide.mcu.externaltools.gnu-tools-for-stm32.13.3.rel1.win32_1.0.0.202411081344/tools/bin/../lib/gcc/arm-none-eabi/13.3.1/../../../../arm-none-eabi/lib/thumb/v7e-m+dp/hard\libstdc++_nano.a(new_op.o)
                0x08008934                operator new(unsigned int)
 .text._ZStL25local_Rb_tree_rotate_leftPSt18_Rb_tree_node_baseRS0_
                0x08008956       0x2a C:/ST/STM32CubeIDE_1.16.1/STM32CubeIDE/plugins/com.st.stm32cube.ide.mcu.externaltools.gnu-tools-for-stm32.13.3.rel1.win32_1.0.0.202411081344/tools/bin/../lib/gcc/arm-none-eabi/13.3.1/../../../../arm-none-eabi/lib/thumb/v7e-m+dp/hard\libstdc++_nano.a(tree.o)
 .text._ZStL26local_Rb_tree_rotate_rightPSt18_Rb_tree_node_baseRS0_
                0x08008980       0x2a C:/ST/STM32CubeIDE_1.16.1/STM32CubeIDE/plugins/com.st.stm32cube.ide.mcu.externaltools.gnu-tools-for-stm32.13.3.rel1.win32_1.0.0.202411081344/tools/bin/../lib/gcc/arm-none-eabi/13.3.1/../../../../arm-none-eabi/lib/thumb/v7e-m+dp/hard\libstdc++_nano.a(tree.o)
 .text._ZStL23local_Rb_tree_incrementPSt18_Rb_tree_node_base
                0x080089aa       0x28 C:/ST/STM32CubeIDE_1.16.1/STM32CubeIDE/plugins/com.st.stm32cube.ide.mcu.externaltools.gnu-tools-for-stm32.13.3.rel1.win32_1.0.0.202411081344/tools/bin/../lib/gcc/arm-none-eabi/13.3.1/../../../../arm-none-eabi/lib/thumb/v7e-m+dp/hard\libstdc++_nano.a(tree.o)
 .text._ZStL23local_Rb_tree_decrementPSt18_Rb_tree_node_base
                0x080089d2       0x30 C:/ST/STM32CubeIDE_1.16.1/STM32CubeIDE/plugins/com.st.stm32cube.ide.mcu.externaltools.gnu-tools-for-stm32.13.3.rel1.win32_1.0.0.202411081344/tools/bin/../lib/gcc/arm-none-eabi/13.3.1/../../../../arm-none-eabi/lib/thumb/v7e-m+dp/hard\libstdc++_nano.a(tree.o)
 .text._ZSt18_Rb_tree_incrementPSt18_Rb_tree_node_base
                0x08008a02        0x4 C:/ST/STM32CubeIDE_1.16.1/STM32CubeIDE/plugins/com.st.stm32cube.ide.mcu.externaltools.gnu-tools-for-stm32.13.3.rel1.win32_1.0.0.202411081344/tools/bin/../lib/gcc/arm-none-eabi/13.3.1/../../../../arm-none-eabi/lib/thumb/v7e-m+dp/hard\libstdc++_nano.a(tree.o)
                0x08008a02                std::_Rb_tree_increment(std::_Rb_tree_node_base*)
 .text._ZSt18_Rb_tree_decrementPSt18_Rb_tree_node_base
                0x08008a06        0x4 C:/ST/STM32CubeIDE_1.16.1/STM32CubeIDE/plugins/com.st.stm32cube.ide.mcu.externaltools.gnu-tools-for-stm32.13.3.rel1.win32_1.0.0.202411081344/tools/bin/../lib/gcc/arm-none-eabi/13.3.1/../../../../arm-none-eabi/lib/thumb/v7e-m+dp/hard\libstdc++_nano.a(tree.o)
                0x08008a06                std::_Rb_tree_decrement(std::_Rb_tree_node_base*)
 .text._ZSt29_Rb_tree_insert_and_rebalancebPSt18_Rb_tree_node_baseS0_RS_
                0x08008a0a       0xc8 C:/ST/STM32CubeIDE_1.16.1/STM32CubeIDE/plugins/com.st.stm32cube.ide.mcu.externaltools.gnu-tools-for-stm32.13.3.rel1.win32_1.0.0.202411081344/tools/bin/../lib/gcc/arm-none-eabi/13.3.1/../../../../arm-none-eabi/lib/thumb/v7e-m+dp/hard\libstdc++_nano.a(tree.o)
                0x08008a0a                std::_Rb_tree_insert_and_rebalance(bool, std::_Rb_tree_node_base*, std::_Rb_tree_node_base*, std::_Rb_tree_node_base&)
 .text.unlikely._ZSt17__throw_bad_allocv
                0x08008ad2        0x6 C:/ST/STM32CubeIDE_1.16.1/STM32CubeIDE/plugins/com.st.stm32cube.ide.mcu.externaltools.gnu-tools-for-stm32.13.3.rel1.win32_1.0.0.202411081344/tools/bin/../lib/gcc/arm-none-eabi/13.3.1/../../../../arm-none-eabi/lib/thumb/v7e-m+dp/hard\libstdc++_nano.a(functexcept.o)
                0x08008ad2                std::__throw_bad_alloc()
 .text.unlikely._ZSt19__throw_logic_errorPKc
                0x08008ad8        0x6 C:/ST/STM32CubeIDE_1.16.1/STM32CubeIDE/plugins/com.st.stm32cube.ide.mcu.externaltools.gnu-tools-for-stm32.13.3.rel1.win32_1.0.0.202411081344/tools/bin/../lib/gcc/arm-none-eabi/13.3.1/../../../../arm-none-eabi/lib/thumb/v7e-m+dp/hard\libstdc++_nano.a(functexcept.o)
                0x08008ad8                std::__throw_logic_error(char const*)
 .text.unlikely._ZSt20__throw_length_errorPKc
                0x08008ade        0x6 C:/ST/STM32CubeIDE_1.16.1/STM32CubeIDE/plugins/com.st.stm32cube.ide.mcu.externaltools.gnu-tools-for-stm32.13.3.rel1.win32_1.0.0.202411081344/tools/bin/../lib/gcc/arm-none-eabi/13.3.1/../../../../arm-none-eabi/lib/thumb/v7e-m+dp/hard\libstdc++_nano.a(functexcept.o)
                0x08008ade                std::__throw_length_error(char const*)
 .text._ZdlPv   0x08008ae4        0x4 C:/ST/STM32CubeIDE_1.16.1/STM32CubeIDE/plugins/com.st.stm32cube.ide.mcu.externaltools.gnu-tools-for-stm32.13.3.rel1.win32_1.0.0.202411081344/tools/bin/../lib/gcc/arm-none-eabi/13.3.1/../../../../arm-none-eabi/lib/thumb/v7e-m+dp/hard\libstdc++_nano.a(del_op.o)
                0x08008ae4                operator delete(void*)
 .text._ZSt15get_new_handlerv
                0x08008ae8       0x10 C:/ST/STM32CubeIDE_1.16.1/STM32CubeIDE/plugins/com.st.stm32cube.ide.mcu.externaltools.gnu-tools-for-stm32.13.3.rel1.win32_1.0.0.202411081344/tools/bin/../lib/gcc/arm-none-eabi/13.3.1/../../../../arm-none-eabi/lib/thumb/v7e-m+dp/hard\libstdc++_nano.a(new_handler.o)
                0x08008ae8                std::get_new_handler()
 .text.sin      0x08008af8       0x98 C:/ST/STM32CubeIDE_1.16.1/STM32CubeIDE/plugins/com.st.stm32cube.ide.mcu.externaltools.gnu-tools-for-stm32.13.3.rel1.win32_1.0.0.202411081344/tools/bin/../lib/gcc/arm-none-eabi/13.3.1/../../../../arm-none-eabi/lib/thumb/v7e-m+dp/hard\libm.a(libm_a-s_sin.o)
                0x08008af8                sin
 .text.__kernel_cos
                0x08008b90       0xd0 C:/ST/STM32CubeIDE_1.16.1/STM32CubeIDE/plugins/com.st.stm32cube.ide.mcu.externaltools.gnu-tools-for-stm32.13.3.rel1.win32_1.0.0.202411081344/tools/bin/../lib/gcc/arm-none-eabi/13.3.1/../../../../arm-none-eabi/lib/thumb/v7e-m+dp/hard\libm.a(libm_a-k_cos.o)
                0x08008b90                __kernel_cos
 .text.__kernel_sin
                0x08008c60       0xb0 C:/ST/STM32CubeIDE_1.16.1/STM32CubeIDE/plugins/com.st.stm32cube.ide.mcu.externaltools.gnu-tools-for-stm32.13.3.rel1.win32_1.0.0.202411081344/tools/bin/../lib/gcc/arm-none-eabi/13.3.1/../../../../arm-none-eabi/lib/thumb/v7e-m+dp/hard\libm.a(libm_a-k_sin.o)
                0x08008c60                __kernel_sin
 .text.__ieee754_rem_pio2
                0x08008d10      0x288 C:/ST/STM32CubeIDE_1.16.1/STM32CubeIDE/plugins/com.st.stm32cube.ide.mcu.externaltools.gnu-tools-for-stm32.13.3.rel1.win32_1.0.0.202411081344/tools/bin/../lib/gcc/arm-none-eabi/13.3.1/../../../../arm-none-eabi/lib/thumb/v7e-m+dp/hard\libm.a(libm_a-e_rem_pio2.o)
                0x08008d10                __ieee754_rem_pio2
 .text.fabs     0x08008f98       0x10 C:/ST/STM32CubeIDE_1.16.1/STM32CubeIDE/plugins/com.st.stm32cube.ide.mcu.externaltools.gnu-tools-for-stm32.13.3.rel1.win32_1.0.0.202411081344/tools/bin/../lib/gcc/arm-none-eabi/13.3.1/../../../../arm-none-eabi/lib/thumb/v7e-m+dp/hard\libm.a(libm_a-s_fabs.o)
                0x08008f98                fabs
 .text.__kernel_rem_pio2
                0x08008fa8      0x4e8 C:/ST/STM32CubeIDE_1.16.1/STM32CubeIDE/plugins/com.st.stm32cube.ide.mcu.externaltools.gnu-tools-for-stm32.13.3.rel1.win32_1.0.0.202411081344/tools/bin/../lib/gcc/arm-none-eabi/13.3.1/../../../../arm-none-eabi/lib/thumb/v7e-m+dp/hard\libm.a(libm_a-k_rem_pio2.o)
                0x08008fa8                __kernel_rem_pio2
 .text.scalbn   0x08009490       0xf4 C:/ST/STM32CubeIDE_1.16.1/STM32CubeIDE/plugins/com.st.stm32cube.ide.mcu.externaltools.gnu-tools-for-stm32.13.3.rel1.win32_1.0.0.202411081344/tools/bin/../lib/gcc/arm-none-eabi/13.3.1/../../../../arm-none-eabi/lib/thumb/v7e-m+dp/hard\libm.a(libm_a-s_scalbn.o)
                0x08009490                scalbn
 *fill*         0x08009584        0x4 
 .text.floor    0x08009588       0xf0 C:/ST/STM32CubeIDE_1.16.1/STM32CubeIDE/plugins/com.st.stm32cube.ide.mcu.externaltools.gnu-tools-for-stm32.13.3.rel1.win32_1.0.0.202411081344/tools/bin/../lib/gcc/arm-none-eabi/13.3.1/../../../../arm-none-eabi/lib/thumb/v7e-m+dp/hard\libm.a(libm_a-s_floor.o)
                0x08009588                floor
 .text.abort    0x08009678        0xe C:/ST/STM32CubeIDE_1.16.1/STM32CubeIDE/plugins/com.st.stm32cube.ide.mcu.externaltools.gnu-tools-for-stm32.13.3.rel1.win32_1.0.0.202411081344/tools/bin/../lib/gcc/arm-none-eabi/13.3.1/../../../../arm-none-eabi/lib/thumb/v7e-m+dp/hard\libc_nano.a(libc_a-abort.o)
                0x08009678                abort
 *fill*         0x08009686        0x2 
 .text.malloc   0x08009688       0x10 C:/ST/STM32CubeIDE_1.16.1/STM32CubeIDE/plugins/com.st.stm32cube.ide.mcu.externaltools.gnu-tools-for-stm32.13.3.rel1.win32_1.0.0.202411081344/tools/bin/../lib/gcc/arm-none-eabi/13.3.1/../../../../arm-none-eabi/lib/thumb/v7e-m+dp/hard\libc_nano.a(libc_a-malloc.o)
                0x08009688                malloc
 .text.free     0x08009698       0x10 C:/ST/STM32CubeIDE_1.16.1/STM32CubeIDE/plugins/com.st.stm32cube.ide.mcu.externaltools.gnu-tools-for-stm32.13.3.rel1.win32_1.0.0.202411081344/tools/bin/../lib/gcc/arm-none-eabi/13.3.1/../../../../arm-none-eabi/lib/thumb/v7e-m+dp/hard\libc_nano.a(libc_a-malloc.o)
                0x08009698                free
 .text.sbrk_aligned
                0x080096a8       0x44 C:/ST/STM32CubeIDE_1.16.1/STM32CubeIDE/plugins/com.st.stm32cube.ide.mcu.externaltools.gnu-tools-for-stm32.13.3.rel1.win32_1.0.0.202411081344/tools/bin/../lib/gcc/arm-none-eabi/13.3.1/../../../../arm-none-eabi/lib/thumb/v7e-m+dp/hard\libc_nano.a(libc_a-mallocr.o)
 .text._malloc_r
                0x080096ec      0x100 C:/ST/STM32CubeIDE_1.16.1/STM32CubeIDE/plugins/com.st.stm32cube.ide.mcu.externaltools.gnu-tools-for-stm32.13.3.rel1.win32_1.0.0.202411081344/tools/bin/../lib/gcc/arm-none-eabi/13.3.1/../../../../arm-none-eabi/lib/thumb/v7e-m+dp/hard\libc_nano.a(libc_a-mallocr.o)
                0x080096ec                _malloc_r
 .text.__malloc_lock
                0x080097ec        0xc C:/ST/STM32CubeIDE_1.16.1/STM32CubeIDE/plugins/com.st.stm32cube.ide.mcu.externaltools.gnu-tools-for-stm32.13.3.rel1.win32_1.0.0.202411081344/tools/bin/../lib/gcc/arm-none-eabi/13.3.1/../../../../arm-none-eabi/lib/thumb/v7e-m+dp/hard\libc_nano.a(libc_a-mlock.o)
                0x080097ec                __malloc_lock
 .text.__malloc_unlock
                0x080097f8        0xc C:/ST/STM32CubeIDE_1.16.1/STM32CubeIDE/plugins/com.st.stm32cube.ide.mcu.externaltools.gnu-tools-for-stm32.13.3.rel1.win32_1.0.0.202411081344/tools/bin/../lib/gcc/arm-none-eabi/13.3.1/../../../../arm-none-eabi/lib/thumb/v7e-m+dp/hard\libc_nano.a(libc_a-mlock.o)
                0x080097f8                __malloc_unlock
 .text._vsprintf_r
                0x08009804       0x2c C:/ST/STM32CubeIDE_1.16.1/STM32CubeIDE/plugins/com.st.stm32cube.ide.mcu.externaltools.gnu-tools-for-stm32.13.3.rel1.win32_1.0.0.202411081344/tools/bin/../lib/gcc/arm-none-eabi/13.3.1/../../../../arm-none-eabi/lib/thumb/v7e-m+dp/hard\libc_nano.a(libc_a-vsprintf.o)
                0x08009804                _vsprintf_r
                0x08009804                _vsiprintf_r
 .text.vsprintf
                0x08009830       0x14 C:/ST/STM32CubeIDE_1.16.1/STM32CubeIDE/plugins/com.st.stm32cube.ide.mcu.externaltools.gnu-tools-for-stm32.13.3.rel1.win32_1.0.0.202411081344/tools/bin/../lib/gcc/arm-none-eabi/13.3.1/../../../../arm-none-eabi/lib/thumb/v7e-m+dp/hard\libc_nano.a(libc_a-vsprintf.o)
                0x08009830                vsiprintf
                0x08009830                vsprintf
 .text.memmove  0x08009844       0x34 C:/ST/STM32CubeIDE_1.16.1/STM32CubeIDE/plugins/com.st.stm32cube.ide.mcu.externaltools.gnu-tools-for-stm32.13.3.rel1.win32_1.0.0.202411081344/tools/bin/../lib/gcc/arm-none-eabi/13.3.1/../../../../arm-none-eabi/lib/thumb/v7e-m+dp/hard\libc_nano.a(libc_a-memmove.o)
                0x08009844                memmove
 .text.memset   0x08009878       0x10 C:/ST/STM32CubeIDE_1.16.1/STM32CubeIDE/plugins/com.st.stm32cube.ide.mcu.externaltools.gnu-tools-for-stm32.13.3.rel1.win32_1.0.0.202411081344/tools/bin/../lib/gcc/arm-none-eabi/13.3.1/../../../../arm-none-eabi/lib/thumb/v7e-m+dp/hard\libc_nano.a(libc_a-memset.o)
                0x08009878                memset
 .text._raise_r
                0x08009888       0x50 C:/ST/STM32CubeIDE_1.16.1/STM32CubeIDE/plugins/com.st.stm32cube.ide.mcu.externaltools.gnu-tools-for-stm32.13.3.rel1.win32_1.0.0.202411081344/tools/bin/../lib/gcc/arm-none-eabi/13.3.1/../../../../arm-none-eabi/lib/thumb/v7e-m+dp/hard\libc_nano.a(libc_a-signal.o)
                0x08009888                _raise_r
 .text.raise    0x080098d8       0x10 C:/ST/STM32CubeIDE_1.16.1/STM32CubeIDE/plugins/com.st.stm32cube.ide.mcu.externaltools.gnu-tools-for-stm32.13.3.rel1.win32_1.0.0.202411081344/tools/bin/../lib/gcc/arm-none-eabi/13.3.1/../../../../arm-none-eabi/lib/thumb/v7e-m+dp/hard\libc_nano.a(libc_a-signal.o)
                0x080098d8                raise
 .text._kill_r  0x080098e8       0x24 C:/ST/STM32CubeIDE_1.16.1/STM32CubeIDE/plugins/com.st.stm32cube.ide.mcu.externaltools.gnu-tools-for-stm32.13.3.rel1.win32_1.0.0.202411081344/tools/bin/../lib/gcc/arm-none-eabi/13.3.1/../../../../arm-none-eabi/lib/thumb/v7e-m+dp/hard\libc_nano.a(libc_a-signalr.o)
                0x080098e8                _kill_r
 .text._getpid_r
                0x0800990c        0x4 C:/ST/STM32CubeIDE_1.16.1/STM32CubeIDE/plugins/com.st.stm32cube.ide.mcu.externaltools.gnu-tools-for-stm32.13.3.rel1.win32_1.0.0.202411081344/tools/bin/../lib/gcc/arm-none-eabi/13.3.1/../../../../arm-none-eabi/lib/thumb/v7e-m+dp/hard\libc_nano.a(libc_a-signalr.o)
                0x0800990c                _getpid_r
 .text._sbrk_r  0x08009910       0x20 C:/ST/STM32CubeIDE_1.16.1/STM32CubeIDE/plugins/com.st.stm32cube.ide.mcu.externaltools.gnu-tools-for-stm32.13.3.rel1.win32_1.0.0.202411081344/tools/bin/../lib/gcc/arm-none-eabi/13.3.1/../../../../arm-none-eabi/lib/thumb/v7e-m+dp/hard\libc_nano.a(libc_a-sbrkr.o)
                0x08009910                _sbrk_r
 .text.__errno  0x08009930        0xc C:/ST/STM32CubeIDE_1.16.1/STM32CubeIDE/plugins/com.st.stm32cube.ide.mcu.externaltools.gnu-tools-for-stm32.13.3.rel1.win32_1.0.0.202411081344/tools/bin/../lib/gcc/arm-none-eabi/13.3.1/../../../../arm-none-eabi/lib/thumb/v7e-m+dp/hard\libc_nano.a(libc_a-errno.o)
                0x08009930                __errno
 .text.__libc_init_array
                0x0800993c       0x48 C:/ST/STM32CubeIDE_1.16.1/STM32CubeIDE/plugins/com.st.stm32cube.ide.mcu.externaltools.gnu-tools-for-stm32.13.3.rel1.win32_1.0.0.202411081344/tools/bin/../lib/gcc/arm-none-eabi/13.3.1/../../../../arm-none-eabi/lib/thumb/v7e-m+dp/hard\libc_nano.a(libc_a-init.o)
                0x0800993c                __libc_init_array
 .text.__retarget_lock_acquire_recursive
                0x08009984        0x2 C:/ST/STM32CubeIDE_1.16.1/STM32CubeIDE/plugins/com.st.stm32cube.ide.mcu.externaltools.gnu-tools-for-stm32.13.3.rel1.win32_1.0.0.202411081344/tools/bin/../lib/gcc/arm-none-eabi/13.3.1/../../../../arm-none-eabi/lib/thumb/v7e-m+dp/hard\libc_nano.a(libc_a-lock.o)
                0x08009984                __retarget_lock_acquire_recursive
 .text.__retarget_lock_release_recursive
                0x08009986        0x2 C:/ST/STM32CubeIDE_1.16.1/STM32CubeIDE/plugins/com.st.stm32cube.ide.mcu.externaltools.gnu-tools-for-stm32.13.3.rel1.win32_1.0.0.202411081344/tools/bin/../lib/gcc/arm-none-eabi/13.3.1/../../../../arm-none-eabi/lib/thumb/v7e-m+dp/hard\libc_nano.a(libc_a-lock.o)
                0x08009986                __retarget_lock_release_recursive
 .text.memcpy   0x08009988       0x1c C:/ST/STM32CubeIDE_1.16.1/STM32CubeIDE/plugins/com.st.stm32cube.ide.mcu.externaltools.gnu-tools-for-stm32.13.3.rel1.win32_1.0.0.202411081344/tools/bin/../lib/gcc/arm-none-eabi/13.3.1/../../../../arm-none-eabi/lib/thumb/v7e-m+dp/hard\libc_nano.a(libc_a-memcpy-stub.o)
                0x08009988                memcpy
 .text._free_r  0x080099a4       0x94 C:/ST/STM32CubeIDE_1.16.1/STM32CubeIDE/plugins/com.st.stm32cube.ide.mcu.externaltools.gnu-tools-for-stm32.13.3.rel1.win32_1.0.0.202411081344/tools/bin/../lib/gcc/arm-none-eabi/13.3.1/../../../../arm-none-eabi/lib/thumb/v7e-m+dp/hard\libc_nano.a(libc_a-freer.o)
                0x080099a4                _free_r
 .text.__ssputs_r
                0x08009a38       0xb6 C:/ST/STM32CubeIDE_1.16.1/STM32CubeIDE/plugins/com.st.stm32cube.ide.mcu.externaltools.gnu-tools-for-stm32.13.3.rel1.win32_1.0.0.202411081344/tools/bin/../lib/gcc/arm-none-eabi/13.3.1/../../../../arm-none-eabi/lib/thumb/v7e-m+dp/hard\libc_nano.a(libc_a-nano-svfprintf.o)
                0x08009a38                __ssputs_r
 *fill*         0x08009aee        0x2 
 .text._svfprintf_r
                0x08009af0      0x1f8 C:/ST/STM32CubeIDE_1.16.1/STM32CubeIDE/plugins/com.st.stm32cube.ide.mcu.externaltools.gnu-tools-for-stm32.13.3.rel1.win32_1.0.0.202411081344/tools/bin/../lib/gcc/arm-none-eabi/13.3.1/../../../../arm-none-eabi/lib/thumb/v7e-m+dp/hard\libc_nano.a(libc_a-nano-svfprintf.o)
                0x08009af0                _svfiprintf_r
                0x08009af0                _svfprintf_r
 .text._printf_common
                0x08009ce8       0xda C:/ST/STM32CubeIDE_1.16.1/STM32CubeIDE/plugins/com.st.stm32cube.ide.mcu.externaltools.gnu-tools-for-stm32.13.3.rel1.win32_1.0.0.202411081344/tools/bin/../lib/gcc/arm-none-eabi/13.3.1/../../../../arm-none-eabi/lib/thumb/v7e-m+dp/hard\libc_nano.a(libc_a-nano-vfprintf_i.o)
                0x08009ce8                _printf_common
 *fill*         0x08009dc2        0x2 
 .text._printf_i
                0x08009dc4      0x23c C:/ST/STM32CubeIDE_1.16.1/STM32CubeIDE/plugins/com.st.stm32cube.ide.mcu.externaltools.gnu-tools-for-stm32.13.3.rel1.win32_1.0.0.202411081344/tools/bin/../lib/gcc/arm-none-eabi/13.3.1/../../../../arm-none-eabi/lib/thumb/v7e-m+dp/hard\libc_nano.a(libc_a-nano-vfprintf_i.o)
                0x08009dc4                _printf_i
 .text._realloc_r
                0x0800a000       0x5c C:/ST/STM32CubeIDE_1.16.1/STM32CubeIDE/plugins/com.st.stm32cube.ide.mcu.externaltools.gnu-tools-for-stm32.13.3.rel1.win32_1.0.0.202411081344/tools/bin/../lib/gcc/arm-none-eabi/13.3.1/../../../../arm-none-eabi/lib/thumb/v7e-m+dp/hard\libc_nano.a(libc_a-reallocr.o)
                0x0800a000                _realloc_r
 .text._malloc_usable_size_r
                0x0800a05c       0x10 C:/ST/STM32CubeIDE_1.16.1/STM32CubeIDE/plugins/com.st.stm32cube.ide.mcu.externaltools.gnu-tools-for-stm32.13.3.rel1.win32_1.0.0.202411081344/tools/bin/../lib/gcc/arm-none-eabi/13.3.1/../../../../arm-none-eabi/lib/thumb/v7e-m+dp/hard\libc_nano.a(libc_a-msizer.o)
                0x0800a05c                _malloc_usable_size_r
 *(.glue_7)
 .glue_7        0x0800a06c        0x0 linker stubs
 *(.glue_7t)
 .glue_7t       0x0800a06c        0x0 linker stubs
 *(.eh_frame)
 .eh_frame      0x0800a06c        0x0 C:/ST/STM32CubeIDE_1.16.1/STM32CubeIDE/plugins/com.st.stm32cube.ide.mcu.externaltools.gnu-tools-for-stm32.13.3.rel1.win32_1.0.0.202411081344/tools/bin/../lib/gcc/arm-none-eabi/13.3.1/thumb/v7e-m+dp/hard/crtbegin.o
 *(.init)
 .init          0x0800a06c        0x4 C:/ST/STM32CubeIDE_1.16.1/STM32CubeIDE/plugins/com.st.stm32cube.ide.mcu.externaltools.gnu-tools-for-stm32.13.3.rel1.win32_1.0.0.202411081344/tools/bin/../lib/gcc/arm-none-eabi/13.3.1/thumb/v7e-m+dp/hard/crti.o
                0x0800a06c                _init
 .init          0x0800a070        0x8 C:/ST/STM32CubeIDE_1.16.1/STM32CubeIDE/plugins/com.st.stm32cube.ide.mcu.externaltools.gnu-tools-for-stm32.13.3.rel1.win32_1.0.0.202411081344/tools/bin/../lib/gcc/arm-none-eabi/13.3.1/thumb/v7e-m+dp/hard/crtn.o
 *(.fini)
 .fini          0x0800a078        0x4 C:/ST/STM32CubeIDE_1.16.1/STM32CubeIDE/plugins/com.st.stm32cube.ide.mcu.externaltools.gnu-tools-for-stm32.13.3.rel1.win32_1.0.0.202411081344/tools/bin/../lib/gcc/arm-none-eabi/13.3.1/thumb/v7e-m+dp/hard/crti.o
                0x0800a078                _fini
 .fini          0x0800a07c        0x8 C:/ST/STM32CubeIDE_1.16.1/STM32CubeIDE/plugins/com.st.stm32cube.ide.mcu.externaltools.gnu-tools-for-stm32.13.3.rel1.win32_1.0.0.202411081344/tools/bin/../lib/gcc/arm-none-eabi/13.3.1/thumb/v7e-m+dp/hard/crtn.o
                0x0800a084                        . = ALIGN (0x4)
                0x0800a084                        _etext = .

.vfp11_veneer   0x0800a084        0x0
 .vfp11_veneer  0x0800a084        0x0 linker stubs

.v4_bx          0x0800a084        0x0
 .v4_bx         0x0800a084        0x0 linker stubs

.iplt           0x0800a084        0x0
 .iplt          0x0800a084        0x0 C:/ST/STM32CubeIDE_1.16.1/STM32CubeIDE/plugins/com.st.stm32cube.ide.mcu.externaltools.gnu-tools-for-stm32.13.3.rel1.win32_1.0.0.202411081344/tools/bin/../lib/gcc/arm-none-eabi/13.3.1/thumb/v7e-m+dp/hard/crtbegin.o

.rodata         0x0800a088      0x3d0
                0x0800a088                        . = ALIGN (0x4)
 *(.rodata)
 .rodata        0x0800a088       0x1b ./Core/Src/TCPInterface.o
 *fill*         0x0800a0a3        0x1 
 .rodata        0x0800a0a4       0x4c ./Drivers/STM32H7xx_HAL_Driver/Src/stm32h7xx_hal_fdcan.o
 *(.rodata*)
 .rodata._ZNSt7__cxx1112basic_stringIcSt11char_traitsIcESaIcEE9_M_createERjj.isra.0.str1.1
                0x0800a0f0       0xe9 ./Core/Src/main.o
                                 0x18 (size before relaxing)
 .rodata._Z17ScanatorTestSinusv.str1.1
                0x0800a1d9       0x1c ./Core/Src/main.o
 .rodata._Z18PrintStartMessagesv.str1.1
                0x0800a1d9       0x4b ./Core/Src/main.o
 .rodata._ZNSt7__cxx1112basic_stringIcSt11char_traitsIcESaIcEEC2IS3_EEPKcRKS3_.str1.1
                0x0800a1d9       0x32 ./Core/Src/main.o
 .rodata._GLOBAL__sub_I_hadc1.str1.1
                0x0800a1d9        0x5 ./Core/Src/main.o
 *fill*         0x0800a1d9        0x3 
 .rodata._ZTV13DeviceTypeADCILi1EE
                0x0800a1dc       0x10 ./Core/Src/main.o
                0x0800a1dc                vtable for DeviceTypeADC<1>
 .rodata._ZTV16DeviceDACControlI17DAC_HandleTypeDeftLi1ELi1EE
                0x0800a1ec       0x10 ./Core/Src/main.o
                0x0800a1ec                vtable for DeviceDACControl<DAC_HandleTypeDef, unsigned short, 1, 1>
 .rodata._ZTV16DeviceDACControlI17DAC_HandleTypeDeftLi2ELi1EE
                0x0800a1fc       0x10 ./Core/Src/main.o
                0x0800a1fc                vtable for DeviceDACControl<DAC_HandleTypeDef, unsigned short, 2, 1>
 .rodata._ZTV16DeviceDACControlI19__SPI_HandleTypeDefsLi1ELi2EE
                0x0800a20c       0x10 ./Core/Src/main.o
                0x0800a20c                vtable for DeviceDACControl<__SPI_HandleTypeDef, short, 1, 2>
 .rodata._ZTV16DeviceDACControlI19__SPI_HandleTypeDefsLi2ELi2EE
                0x0800a21c       0x10 ./Core/Src/main.o
                0x0800a21c                vtable for DeviceDACControl<__SPI_HandleTypeDef, short, 2, 2>
 .rodata._ZSt19piecewise_construct
                0x0800a22c        0x1 ./Core/Src/main.o
                0x0800a22c                std::piecewise_construct
 .rodata.D1CorePrescTable
                0x0800a22d       0x10 ./Core/Src/system_stm32h7xx.o
                0x0800a22d                D1CorePrescTable
 .rodata.CSWTCH.197
                0x0800a23d       0x11 ./Drivers/STM32H7xx_HAL_Driver/Src/stm32h7xx_hal_adc.o
 .rodata.flagBitshiftOffset.0
                0x0800a24e        0x8 ./Drivers/STM32H7xx_HAL_Driver/Src/stm32h7xx_hal_dma.o
 .rodata.UARTPrescTable
                0x0800a256       0x18 ./Drivers/STM32H7xx_HAL_Driver/Src/stm32h7xx_hal_uart.o
                0x0800a256                UARTPrescTable
 .rodata.denominator.0
                0x0800a26e        0x8 ./Drivers/STM32H7xx_HAL_Driver/Src/stm32h7xx_hal_uart_ex.o
 .rodata.numerator.1
                0x0800a276        0x8 ./Drivers/STM32H7xx_HAL_Driver/Src/stm32h7xx_hal_uart_ex.o
 *fill*         0x0800a27e        0x2 
 .rodata.npio2_hw
                0x0800a280       0x80 C:/ST/STM32CubeIDE_1.16.1/STM32CubeIDE/plugins/com.st.stm32cube.ide.mcu.externaltools.gnu-tools-for-stm32.13.3.rel1.win32_1.0.0.202411081344/tools/bin/../lib/gcc/arm-none-eabi/13.3.1/../../../../arm-none-eabi/lib/thumb/v7e-m+dp/hard\libm.a(libm_a-e_rem_pio2.o)
 .rodata.two_over_pi
                0x0800a300      0x108 C:/ST/STM32CubeIDE_1.16.1/STM32CubeIDE/plugins/com.st.stm32cube.ide.mcu.externaltools.gnu-tools-for-stm32.13.3.rel1.win32_1.0.0.202411081344/tools/bin/../lib/gcc/arm-none-eabi/13.3.1/../../../../arm-none-eabi/lib/thumb/v7e-m+dp/hard\libm.a(libm_a-e_rem_pio2.o)
 .rodata.PIo2   0x0800a408       0x40 C:/ST/STM32CubeIDE_1.16.1/STM32CubeIDE/plugins/com.st.stm32cube.ide.mcu.externaltools.gnu-tools-for-stm32.13.3.rel1.win32_1.0.0.202411081344/tools/bin/../lib/gcc/arm-none-eabi/13.3.1/../../../../arm-none-eabi/lib/thumb/v7e-m+dp/hard\libm.a(libm_a-k_rem_pio2.o)
 .rodata.init_jk
                0x0800a448       0x10 C:/ST/STM32CubeIDE_1.16.1/STM32CubeIDE/plugins/com.st.stm32cube.ide.mcu.externaltools.gnu-tools-for-stm32.13.3.rel1.win32_1.0.0.202411081344/tools/bin/../lib/gcc/arm-none-eabi/13.3.1/../../../../arm-none-eabi/lib/thumb/v7e-m+dp/hard\libm.a(libm_a-k_rem_pio2.o)
 .rodata._svfprintf_r.str1.1
                0x0800a458       0x11 C:/ST/STM32CubeIDE_1.16.1/STM32CubeIDE/plugins/com.st.stm32cube.ide.mcu.externaltools.gnu-tools-for-stm32.13.3.rel1.win32_1.0.0.202411081344/tools/bin/../lib/gcc/arm-none-eabi/13.3.1/../../../../arm-none-eabi/lib/thumb/v7e-m+dp/hard\libc_nano.a(libc_a-nano-svfprintf.o)
 .rodata._printf_i.str1.1
                0x0800a458       0x22 C:/ST/STM32CubeIDE_1.16.1/STM32CubeIDE/plugins/com.st.stm32cube.ide.mcu.externaltools.gnu-tools-for-stm32.13.3.rel1.win32_1.0.0.202411081344/tools/bin/../lib/gcc/arm-none-eabi/13.3.1/../../../../arm-none-eabi/lib/thumb/v7e-m+dp/hard\libc_nano.a(libc_a-nano-vfprintf_i.o)
                0x0800a47c                        . = ALIGN (0x4)

.ARM.extab
 *(.ARM.extab* .gnu.linkonce.armextab.*)

.ARM            0x0800a458        0x8
                0x0800a458                        __exidx_start = .
 *(.ARM.exidx*)
 .ARM.exidx     0x0800a458        0x8 C:/ST/STM32CubeIDE_1.16.1/STM32CubeIDE/plugins/com.st.stm32cube.ide.mcu.externaltools.gnu-tools-for-stm32.13.3.rel1.win32_1.0.0.202411081344/tools/bin/../lib/gcc/arm-none-eabi/13.3.1/../../../../arm-none-eabi/lib/thumb/v7e-m+dp/hard\libc_nano.a(libc_a-strlen.o)
 .ARM.exidx     0x0800a460        0x0 C:/ST/STM32CubeIDE_1.16.1/STM32CubeIDE/plugins/com.st.stm32cube.ide.mcu.externaltools.gnu-tools-for-stm32.13.3.rel1.win32_1.0.0.202411081344/tools/bin/../lib/gcc/arm-none-eabi/13.3.1/../../../../arm-none-eabi/lib/thumb/v7e-m+dp/hard\libc_nano.a(libc_a-memchr.o)
                                  0x8 (size before relaxing)
 .ARM.exidx     0x0800a460        0x0 C:/ST/STM32CubeIDE_1.16.1/STM32CubeIDE/plugins/com.st.stm32cube.ide.mcu.externaltools.gnu-tools-for-stm32.13.3.rel1.win32_1.0.0.202411081344/tools/bin/../lib/gcc/arm-none-eabi/13.3.1/thumb/v7e-m+dp/hard\libgcc.a(_udivmoddi4.o)
                                  0x8 (size before relaxing)
                0x0800a460                        __exidx_end = .

.preinit_array  0x0800a460        0x0
                0x0800a460                        PROVIDE (__preinit_array_start = .)
 *(.preinit_array*)
                0x0800a460                        PROVIDE (__preinit_array_end = .)

.init_array     0x0800a460        0x8
                0x0800a460                        PROVIDE (__init_array_start = .)
 *(SORT_BY_NAME(.init_array.*))
 *(.init_array*)
 .init_array    0x0800a460        0x4 C:/ST/STM32CubeIDE_1.16.1/STM32CubeIDE/plugins/com.st.stm32cube.ide.mcu.externaltools.gnu-tools-for-stm32.13.3.rel1.win32_1.0.0.202411081344/tools/bin/../lib/gcc/arm-none-eabi/13.3.1/thumb/v7e-m+dp/hard/crtbegin.o
 .init_array    0x0800a464        0x4 ./Core/Src/main.o
                0x0800a468                        PROVIDE (__init_array_end = .)

.fini_array     0x0800a468        0x8
                [!provide]                        PROVIDE (__fini_array_start = .)
 *(SORT_BY_NAME(.fini_array.*))
 *(.fini_array*)
 .fini_array    0x0800a468        0x4 C:/ST/STM32CubeIDE_1.16.1/STM32CubeIDE/plugins/com.st.stm32cube.ide.mcu.externaltools.gnu-tools-for-stm32.13.3.rel1.win32_1.0.0.202411081344/tools/bin/../lib/gcc/arm-none-eabi/13.3.1/thumb/v7e-m+dp/hard/crtbegin.o
 .fini_array    0x0800a46c        0x4 ./Core/Src/main.o
                [!provide]                        PROVIDE (__fini_array_end = .)
                0x0800a470                        _sidata = LOADADDR (.data)

.rel.dyn        0x0800a470        0x0
 .rel.iplt      0x0800a470        0x0 C:/ST/STM32CubeIDE_1.16.1/STM32CubeIDE/plugins/com.st.stm32cube.ide.mcu.externaltools.gnu-tools-for-stm32.13.3.rel1.win32_1.0.0.202411081344/tools/bin/../lib/gcc/arm-none-eabi/13.3.1/thumb/v7e-m+dp/hard/crtbegin.o

.data           0x24000000      0x110 load address 0x0800a470
                0x24000000                        . = ALIGN (0x4)
                0x24000000                        _sdata = .
 *(.data)
 *(.data*)
 .data._ZN12TypeRegisterIPvE11TypeSizeMinE
                0x24000000        0x2 ./Core/Src/TCPInterface.o
                0x24000000                TypeRegister<void*>::TypeSizeMin
 *fill*         0x24000002        0x2 
 .data._ZN12TypeRegisterI22MessageCloseConnectionE4NameB5cxx11E
                0x24000004       0x18 ./Core/Src/main.o
                0x24000004                TypeRegister<MessageCloseConnection>::Name[abi:cxx11]
 .data._ZN12TypeRegisterI22MessageCheckConnectionE4NameB5cxx11E
                0x2400001c       0x18 ./Core/Src/main.o
                0x2400001c                TypeRegister<MessageCheckConnection>::Name[abi:cxx11]
 .data._ZN12TypeRegisterI20MessageMeasureSeriesILi10000EEE4NameB5cxx11E
                0x24000034       0x18 ./Core/Src/main.o
                0x24000034                TypeRegister<MessageMeasureSeries<10000> >::Name[abi:cxx11]
 .data._ZN12TypeRegisterI20MessagePositionStateE4NameB5cxx11E
                0x2400004c       0x18 ./Core/Src/main.o
                0x2400004c                TypeRegister<MessagePositionState>::Name[abi:cxx11]
 .data._ZN12TypeRegisterI14MessageCommandE4NameB5cxx11E
                0x24000064       0x18 ./Core/Src/main.o
                0x24000064                TypeRegister<MessageCommand>::Name[abi:cxx11]
 .data._ZN12TypeRegisterI18MessageCalibrationE4NameB5cxx11E
                0x2400007c       0x18 ./Core/Src/main.o
                0x2400007c                TypeRegister<MessageCalibration>::Name[abi:cxx11]
 .data._ZN12TypeRegisterI17MessageAimingDualE4NameB5cxx11E
                0x24000094       0x18 ./Core/Src/main.o
                0x24000094                TypeRegister<MessageAimingDual>::Name[abi:cxx11]
 .data.FLAG_ADC2_END
                0x240000ac        0x1 ./Core/Src/main.o
                0x240000ac                FLAG_ADC2_END
 .data.FLAG_ADC1_END
                0x240000ad        0x1 ./Core/Src/main.o
                0x240000ad                FLAG_ADC1_END
 *fill*         0x240000ae        0x2 
 .data.SystemD2Clock
                0x240000b0        0x4 ./Core/Src/system_stm32h7xx.o
                0x240000b0                SystemD2Clock
 .data.SystemCoreClock
                0x240000b4        0x4 ./Core/Src/system_stm32h7xx.o
                0x240000b4                SystemCoreClock
 .data.uwTickFreq
                0x240000b8        0x1 ./Drivers/STM32H7xx_HAL_Driver/Src/stm32h7xx_hal.o
                0x240000b8                uwTickFreq
 *fill*         0x240000b9        0x3 
 .data.uwTickPrio
                0x240000bc        0x4 ./Drivers/STM32H7xx_HAL_Driver/Src/stm32h7xx_hal.o
                0x240000bc                uwTickPrio
 .data._impure_ptr
                0x240000c0        0x4 C:/ST/STM32CubeIDE_1.16.1/STM32CubeIDE/plugins/com.st.stm32cube.ide.mcu.externaltools.gnu-tools-for-stm32.13.3.rel1.win32_1.0.0.202411081344/tools/bin/../lib/gcc/arm-none-eabi/13.3.1/../../../../arm-none-eabi/lib/thumb/v7e-m+dp/hard\libc_nano.a(libc_a-impure.o)
                0x240000c0                _impure_ptr
 .data._impure_data
                0x240000c4       0x4c C:/ST/STM32CubeIDE_1.16.1/STM32CubeIDE/plugins/com.st.stm32cube.ide.mcu.externaltools.gnu-tools-for-stm32.13.3.rel1.win32_1.0.0.202411081344/tools/bin/../lib/gcc/arm-none-eabi/13.3.1/../../../../arm-none-eabi/lib/thumb/v7e-m+dp/hard\libc_nano.a(libc_a-impure.o)
                0x240000c4                _impure_data
 *(.RamFunc)
 *(.RamFunc*)
                0x24000110                        . = ALIGN (0x4)
                0x24000110                        _edata = .

.igot.plt       0x24000110        0x0 load address 0x0800a580
 .igot.plt      0x24000110        0x0 C:/ST/STM32CubeIDE_1.16.1/STM32CubeIDE/plugins/com.st.stm32cube.ide.mcu.externaltools.gnu-tools-for-stm32.13.3.rel1.win32_1.0.0.202411081344/tools/bin/../lib/gcc/arm-none-eabi/13.3.1/thumb/v7e-m+dp/hard/crtbegin.o
                0x24000110                        . = ALIGN (0x4)

.bss            0x24000110     0x2a8c load address 0x0800a580
                0x24000110                        _sbss = .
                0x24000110                        __bss_start__ = _sbss
 *(.bss)
 .bss           0x24000110       0x1c C:/ST/STM32CubeIDE_1.16.1/STM32CubeIDE/plugins/com.st.stm32cube.ide.mcu.externaltools.gnu-tools-for-stm32.13.3.rel1.win32_1.0.0.202411081344/tools/bin/../lib/gcc/arm-none-eabi/13.3.1/thumb/v7e-m+dp/hard/crtbegin.o
 *(.bss*)
 .bss._ZN12TypeRegisterI20MessageMeasureSeriesILi10000EEE7TYPE_IDE
                0x2400012c        0x1 ./Core/Src/TCPInterface.o
                0x2400012c                TypeRegister<MessageMeasureSeries<10000> >::TYPE_ID
 .bss._ZN12TypeRegisterI20MessagePositionStateE7TYPE_IDE
                0x2400012d        0x1 ./Core/Src/TCPInterface.o
                0x2400012d                TypeRegister<MessagePositionState>::TYPE_ID
 .bss._ZN12TypeRegisterIPvE11TypeSizeMaxE
                0x2400012e        0x2 ./Core/Src/TCPInterface.o
                0x2400012e                TypeRegister<void*>::TypeSizeMax
 .bss.OutputBuffer
                0x24000130       0x64 ./Core/Src/UtiliteFunctions.o
                0x24000130                OutputBuffer
 .bss._ZN22ModuleTypeDelayMeasureI23DeviceTypeConnectionUDP16DeviceDACControlI17DAC_HandleTypeDeftLi1ELi1EES3_E18DeviceDelayMonitorE
                0x24000194        0x4 ./Core/Src/main.o
                0x24000194                ModuleTypeDelayMeasure<DeviceTypeConnectionUDP, DeviceDACControl<DAC_HandleTypeDef, unsigned short, 1, 1>, DeviceDACControl<DAC_HandleTypeDef, unsigned short, 1, 1> >::DeviceDelayMonitor
 .bss._ZN22ModuleTypeDelayMeasureI23DeviceTypeConnectionUDP16DeviceDACControlI17DAC_HandleTypeDeftLi1ELi1EES3_E17DeviceLoopMonitorE
                0x24000198        0x4 ./Core/Src/main.o
                0x24000198                ModuleTypeDelayMeasure<DeviceTypeConnectionUDP, DeviceDACControl<DAC_HandleTypeDef, unsigned short, 1, 1>, DeviceDACControl<DAC_HandleTypeDef, unsigned short, 1, 1> >::DeviceLoopMonitor
 .bss._ZN22ModuleTypeDelayMeasureI23DeviceTypeConnectionUDP16DeviceDACControlI17DAC_HandleTypeDeftLi1ELi1EES3_E10DeviceLoopE
                0x2400019c        0x4 ./Core/Src/main.o
                0x2400019c                ModuleTypeDelayMeasure<DeviceTypeConnectionUDP, DeviceDACControl<DAC_HandleTypeDef, unsigned short, 1, 1>, DeviceDACControl<DAC_HandleTypeDef, unsigned short, 1, 1> >::DeviceLoop
 .bss._ZN16DeviceDACControlI19__SPI_HandleTypeDefsLi1ELi2EE5CSPinE
                0x240001a0        0x8 ./Core/Src/main.o
                0x240001a0                DeviceDACControl<__SPI_HandleTypeDef, short, 1, 2>::CSPin
 .bss._ZN16DeviceDACControlI19__SPI_HandleTypeDefsLi1ELi2EE6DeviceE
                0x240001a8        0x4 ./Core/Src/main.o
                0x240001a8                DeviceDACControl<__SPI_HandleTypeDef, short, 1, 2>::Device
 .bss._ZN16DeviceDACControlI19__SPI_HandleTypeDefsLi1ELi2EE14TransferBufferE
                0x240001ac        0x3 ./Core/Src/main.o
                0x240001ac                DeviceDACControl<__SPI_HandleTypeDef, short, 1, 2>::TransferBuffer
 .bss._ZN16DeviceDACControlI19__SPI_HandleTypeDefsLi1ELi2EE19TransmissionEndFlagE
                0x240001af        0x1 ./Core/Src/main.o
                0x240001af                DeviceDACControl<__SPI_HandleTypeDef, short, 1, 2>::TransmissionEndFlag
 .bss._ZN12TypeRegisterI22MessageCloseConnectionE7TYPE_IDE
                0x240001b0        0x1 ./Core/Src/main.o
                0x240001b0                TypeRegister<MessageCloseConnection>::TYPE_ID
 .bss._ZN12TypeRegisterI22MessageCheckConnectionE7TYPE_IDE
                0x240001b1        0x1 ./Core/Src/main.o
                0x240001b1                TypeRegister<MessageCheckConnection>::TYPE_ID
 .bss._ZN12TypeRegisterI14MessageCommandE7TYPE_IDE
                0x240001b2        0x1 ./Core/Src/main.o
                0x240001b2                TypeRegister<MessageCommand>::TYPE_ID